Archive member included because of file (symbol)

/opt/toolchains/gen//m68k-elf/lib/libmd.a(sys.o)
                              boot/sega.o (registerState)
/opt/toolchains/gen//m68k-elf/lib/libmd.a(vdp.o)
                              /opt/toolchains/gen//m68k-elf/lib/libmd.a(sys.o) (VDP_init)
/opt/toolchains/gen//m68k-elf/lib/libmd.a(dma.o)
                              /opt/toolchains/gen//m68k-elf/lib/libmd.a(sys.o) (DMA_flushQueue)
/opt/toolchains/gen//m68k-elf/lib/libmd.a(tools.o)
                              /opt/toolchains/gen//m68k-elf/lib/libmd.a(vdp.o) (getFPS)
/opt/toolchains/gen//m68k-elf/lib/libmd.a(memory.o)
                              /opt/toolchains/gen//m68k-elf/lib/libmd.a(sys.o) (MEM_init)
/opt/toolchains/gen//m68k-elf/lib/libmd.a(timer.o)
                              /opt/toolchains/gen//m68k-elf/lib/libmd.a(tools.o) (getSubTick)
/opt/toolchains/gen//m68k-elf/lib/libmd.a(z80_ctrl.o)
                              /opt/toolchains/gen//m68k-elf/lib/libmd.a(sys.o) (Z80_init)
/opt/toolchains/gen//m68k-elf/lib/libmd.a(sound.o)
                              /opt/toolchains/gen//m68k-elf/lib/libmd.a(sys.o) (SND_set68KBUSProtection_XGM)
/opt/toolchains/gen//m68k-elf/lib/libmd.a(ym2612.o)
                              /opt/toolchains/gen//m68k-elf/lib/libmd.a(z80_ctrl.o) (YM2612_reset)
/opt/toolchains/gen//m68k-elf/lib/libmd.a(vdp_pal.o)
                              /opt/toolchains/gen//m68k-elf/lib/libmd.a(sys.o) (VDP_doStepFading)
/opt/toolchains/gen//m68k-elf/lib/libmd.a(psg.o)
                              /opt/toolchains/gen//m68k-elf/lib/libmd.a(sys.o) (PSG_init)
/opt/toolchains/gen//m68k-elf/lib/libmd.a(z80_vgm.o)
                              /opt/toolchains/gen//m68k-elf/lib/libmd.a(z80_ctrl.o) (z80_vgm)
/opt/toolchains/gen//m68k-elf/lib/libmd.a(vdp_tile.o)
                              /opt/toolchains/gen//m68k-elf/lib/libmd.a(vdp.o) (VDP_loadFont)
/opt/toolchains/gen//m68k-elf/lib/libmd.a(vdp_spr.o)
                              /opt/toolchains/gen//m68k-elf/lib/libmd.a(vdp.o) (VDP_resetSprites)
/opt/toolchains/gen//m68k-elf/lib/libmd.a(tab_cnv.o)
                              /opt/toolchains/gen//m68k-elf/lib/libmd.a(vdp_tile.o) (cnv_8to32_tab)
/opt/toolchains/gen//m68k-elf/lib/libmd.a(vdp_dma.o)
                              /opt/toolchains/gen//m68k-elf/lib/libmd.a(vdp_tile.o) (VDP_doDMA)
/opt/toolchains/gen//m68k-elf/lib/libmd.a(bmp.o)
                              /opt/toolchains/gen//m68k-elf/lib/libmd.a(sys.o) (BMP_doVBlankProcess)
/opt/toolchains/gen//m68k-elf/lib/libmd.a(tile_cache.o)
                              /opt/toolchains/gen//m68k-elf/lib/libmd.a(sys.o) (uploads)
/opt/toolchains/gen//m68k-elf/lib/libmd.a(vdp_bg.o)
                              /opt/toolchains/gen//m68k-elf/lib/libmd.a(vdp.o) (VDP_setVerticalScroll)
/opt/toolchains/gen//m68k-elf/lib/libmd.a(smp_null_pcm.o)
                              /opt/toolchains/gen//m68k-elf/lib/libmd.a(z80_ctrl.o) (smp_null_pcm)
/opt/toolchains/gen//m68k-elf/lib/libmd.a(vdp_tile_a.o)
                              /opt/toolchains/gen//m68k-elf/lib/libmd.a(vdp_tile.o) (VDP_loadTileData)
/opt/toolchains/gen//m68k-elf/lib/libmd.a(memory_a.o)
                              /opt/toolchains/gen//m68k-elf/lib/libmd.a(memory.o) (memset)
/opt/toolchains/gen//m68k-elf/lib/libmd.a(vdp_pal_a.o)
                              /opt/toolchains/gen//m68k-elf/lib/libmd.a(vdp_pal.o) (VDP_getPaletteColors)
/opt/toolchains/gen//m68k-elf/lib/libmd.a(sys_a.o)
                              /opt/toolchains/gen//m68k-elf/lib/libmd.a(timer.o) (SYS_getInterruptMaskLevel)
/opt/toolchains/gen//m68k-elf/lib/libmd.a(kdebug.o)
                              /opt/toolchains/gen//m68k-elf/lib/libmd.a(tools.o) (KDebug_Alert)
/opt/toolchains/gen//m68k-elf/lib/libmd.a(smp_null.o)
                              /opt/toolchains/gen//m68k-elf/lib/libmd.a(z80_ctrl.o) (smp_null)
/opt/toolchains/gen//m68k-elf/lib/libmd.a(bmp_a.o)
                              /opt/toolchains/gen//m68k-elf/lib/libmd.a(bmp.o) (clearBitmapBuffer)
/opt/toolchains/gen//m68k-elf/lib/libmd.a(tools_a.o)
                              /opt/toolchains/gen//m68k-elf/lib/libmd.a(tools.o) (aplib_unpack)
/opt/toolchains/gen//m68k-elf/lib/libmd.a(z80_drv1.o)
                              /opt/toolchains/gen//m68k-elf/lib/libmd.a(z80_ctrl.o) (z80_drv1)
/opt/toolchains/gen//m68k-elf/lib/libmd.a(z80_tfm.o)
                              /opt/toolchains/gen//m68k-elf/lib/libmd.a(z80_ctrl.o) (z80_tfm)
/opt/toolchains/gen//m68k-elf/lib/libmd.a(z80_drv2.o)
                              /opt/toolchains/gen//m68k-elf/lib/libmd.a(z80_ctrl.o) (z80_drv2)
/opt/toolchains/gen//m68k-elf/lib/libmd.a(z80_drv3.o)
                              /opt/toolchains/gen//m68k-elf/lib/libmd.a(z80_ctrl.o) (z80_drv3)
/opt/toolchains/gen//m68k-elf/lib/libmd.a(z80_xgm.o)
                              /opt/toolchains/gen//m68k-elf/lib/libmd.a(z80_ctrl.o) (z80_xgm)
/opt/toolchains/gen//m68k-elf/lib/libmd.a(z80_mvs.o)
                              /opt/toolchains/gen//m68k-elf/lib/libmd.a(z80_ctrl.o) (z80_mvs)
/opt/toolchains/gen//m68k-elf/lib/libmd.a(libres.o)
                              /opt/toolchains/gen//m68k-elf/lib/libmd.a(vdp.o) (font_lib)
/opt/toolchains/gen//m68k-elf/lib/libmd.a(tab_vol.o)
                              /opt/toolchains/gen//m68k-elf/lib/libmd.a(z80_ctrl.o) (tab_vol)
/opt/toolchains/gen//m68k-elf/lib/libmd.a(maths.o)
                              /opt/toolchains/gen//m68k-elf/lib/libmd.a(sys.o) (randbase)
/opt/toolchains/gen//m68k-elf/lib/libmd.a(string.o)
                              /opt/toolchains/gen//m68k-elf/lib/libmd.a(sys.o) (strlen)
/opt/toolchains/gen//m68k-elf/lib/libmd.a(joy.o)
                              /opt/toolchains/gen//m68k-elf/lib/libmd.a(sys.o) (JOY_init)
/opt/toolchains/gen//m68k-elf/lib/libmd.a(types.o)
                              /opt/toolchains/gen//m68k-elf/lib/libmd.a(z80_ctrl.o) (getZeroU8)
/opt/toolchains/gen//m68k-elf/lib/gcc/m68k-elf/4.8.2/libgcc.a(_mulsi3.o)
                              /opt/toolchains/gen//m68k-elf/lib/libmd.a(tools.o) (__mulsi3)
/opt/toolchains/gen//m68k-elf/lib/gcc/m68k-elf/4.8.2/libgcc.a(_udivsi3.o)
                              /opt/toolchains/gen//m68k-elf/lib/libmd.a(tools.o) (__udivsi3)
/opt/toolchains/gen//m68k-elf/lib/gcc/m68k-elf/4.8.2/libgcc.a(_divsi3.o)
                              /opt/toolchains/gen//m68k-elf/lib/libmd.a(vdp_pal.o) (__divsi3)
/opt/toolchains/gen//m68k-elf/lib/gcc/m68k-elf/4.8.2/libgcc.a(_umodsi3.o)
                              /opt/toolchains/gen//m68k-elf/lib/libmd.a(string.o) (__umodsi3)
/opt/toolchains/gen//m68k-elf/lib/libmd.a(maths3D.o)
                              main.o (M3D_reset)
/opt/toolchains/gen//m68k-elf/lib/libmd.a(maths3D_a.o)
                              main.o (M3D_transform)
/opt/toolchains/gen//m68k-elf/lib/libmd.a(tab_sin.o)
                              /opt/toolchains/gen//m68k-elf/lib/libmd.a(maths3D.o) (sintab16)

Allocating common symbols
Common symbol       size              file

illegalInstCB       0x4               /opt/toolchains/gen//m68k-elf/lib/libmd.a(sys.o)
slist_adr           0x2               /opt/toolchains/gen//m68k-elf/lib/libmd.a(vdp.o)
errorExceptionCB    0x4               /opt/toolchains/gen//m68k-elf/lib/libmd.a(sys.o)
trapvInstCB         0x4               /opt/toolchains/gen//m68k-elf/lib/libmd.a(sys.o)
vtimer              0x4               /opt/toolchains/gen//m68k-elf/lib/libmd.a(timer.o)
driverFlags         0x2               /opt/toolchains/gen//m68k-elf/lib/libmd.a(z80_ctrl.o)
dmaQueues           0x200             /opt/toolchains/gen//m68k-elf/lib/libmd.a(dma.o)
chkInstCB           0x4               /opt/toolchains/gen//m68k-elf/lib/libmd.a(sys.o)
registerState       0x40              /opt/toolchains/gen//m68k-elf/lib/libmd.a(sys.o)
context3D           0xe               /opt/toolchains/gen//m68k-elf/lib/libmd.a(maths3D.o)
text_basetile       0x2               /opt/toolchains/gen//m68k-elf/lib/libmd.a(vdp_bg.o)
pts_2D              0x400             main.o
bmp_buffer_write    0x4               /opt/toolchains/gen//m68k-elf/lib/libmd.a(bmp.o)
srState             0x2               /opt/toolchains/gen//m68k-elf/lib/libmd.a(sys.o)
rotstep             0x6               main.o
line1x1xCB          0x4               /opt/toolchains/gen//m68k-elf/lib/libmd.a(sys.o)
pts_3D              0x600             main.o
randbase            0x2               /opt/toolchains/gen//m68k-elf/lib/libmd.a(maths.o)
ext2State           0x2               /opt/toolchains/gen//m68k-elf/lib/libmd.a(sys.o)
traceCB             0x4               /opt/toolchains/gen//m68k-elf/lib/libmd.a(sys.o)
intTrace            0x2               /opt/toolchains/gen//m68k-elf/lib/libmd.a(sys.o)
zeroDivideCB        0x4               /opt/toolchains/gen//m68k-elf/lib/libmd.a(sys.o)
curTileInd          0x2               /opt/toolchains/gen//m68k-elf/lib/libmd.a(vdp_bg.o)
hscrl_adr           0x2               /opt/toolchains/gen//m68k-elf/lib/libmd.a(vdp.o)
internalExtIntCB    0x4               /opt/toolchains/gen//m68k-elf/lib/libmd.a(sys.o)
spriteNum           0x2               /opt/toolchains/gen//m68k-elf/lib/libmd.a(vdp_spr.o)
translation         0x6               main.o
text_plan           0x4               /opt/toolchains/gen//m68k-elf/lib/libmd.a(vdp_bg.o)
screenHeight        0x2               /opt/toolchains/gen//m68k-elf/lib/libmd.a(vdp.o)
internalVIntCB      0x4               /opt/toolchains/gen//m68k-elf/lib/libmd.a(sys.o)
intCB               0x4               /opt/toolchains/gen//m68k-elf/lib/libmd.a(sys.o)
screenWidth         0x2               /opt/toolchains/gen//m68k-elf/lib/libmd.a(vdp.o)
addressErrorCB      0x4               /opt/toolchains/gen//m68k-elf/lib/libmd.a(sys.o)
flatDrawing         0x2               main.o
bmp_buffer_read     0x4               /opt/toolchains/gen//m68k-elf/lib/libmd.a(bmp.o)
stars_t2D           0x400             main.o
VIntProcess         0x4               /opt/toolchains/gen//m68k-elf/lib/libmd.a(sys.o)
rotation            0x6               main.o
currentDriver       0x2               /opt/toolchains/gen//m68k-elf/lib/libmd.a(z80_ctrl.o)
stars_3D            0x600             main.o
vdpSpriteCache      0x280             /opt/toolchains/gen//m68k-elf/lib/libmd.a(vdp_spr.o)
light_mask          0x4               main.o
uploads             0x4               /opt/toolchains/gen//m68k-elf/lib/libmd.a(tile_cache.o)
ExtIntProcess       0x4               /opt/toolchains/gen//m68k-elf/lib/libmd.a(sys.o)
stars_t3D           0x600             main.o
aplan_adr           0x2               /opt/toolchains/gen//m68k-elf/lib/libmd.a(vdp.o)
bplan_adr           0x2               /opt/toolchains/gen//m68k-elf/lib/libmd.a(vdp.o)
HIntProcess         0x4               /opt/toolchains/gen//m68k-elf/lib/libmd.a(sys.o)
privilegeViolationCB
                    0x4               /opt/toolchains/gen//m68k-elf/lib/libmd.a(sys.o)
pcState             0x4               /opt/toolchains/gen//m68k-elf/lib/libmd.a(sys.o)
ext1State           0x2               /opt/toolchains/gen//m68k-elf/lib/libmd.a(sys.o)
busErrorCB          0x4               /opt/toolchains/gen//m68k-elf/lib/libmd.a(sys.o)
str                 0x10              main.o
internalHIntCB      0x4               /opt/toolchains/gen//m68k-elf/lib/libmd.a(sys.o)
window_adr          0x2               /opt/toolchains/gen//m68k-elf/lib/libmd.a(vdp.o)
pal_offset          0x1               main.o
transformation      0x3a              main.o
addrState           0x4               /opt/toolchains/gen//m68k-elf/lib/libmd.a(sys.o)

Memory Configuration

Name             Origin             Length             Attributes
rom              0x0000000000000000 0x0000000000a00000
ram              0x0000000000ff0000 0x0000000000010000
*default*        0x0000000000000000 0xffffffffffffffff

Linker script and memory map

                0x0000000000000000                __DYNAMIC = 0x0
                0x0000000001000000                PROVIDE (__stack, 0x1000000)

.text           0x0000000000000000    0x17edc
 *(.text.keepboot)
 .text.keepboot
                0x0000000000000000      0x5f4 boot/sega.o
 *(.text.*)
 .text.startup  0x00000000000005f4      0x24c main.o
                0x00000000000005f4                main
 *(.text)
 .text          0x0000000000000840        0x0 boot/sega.o
 .text          0x0000000000000840      0x9d8 /opt/toolchains/gen//m68k-elf/lib/libmd.a(sys.o)
                0x0000000000000840                _trace_callback
                0x0000000000000842                _line1x1x_callback
                0x0000000000000844                _int_callback
                0x0000000000000846                _extint_callback
                0x0000000000000c34                _buserror_callback
                0x0000000000000c5c                _addresserror_callback
                0x0000000000000d10                _illegalinst_callback
                0x0000000000000d38                _chkinst_callback
                0x0000000000000d60                _trapvinst_callback
                0x0000000000000d88                _vint_callback
                0x0000000000000e86                _hint_callback
                0x0000000000000fbc                _zerodivide_callback
                0x0000000000000fe4                _privilegeviolation_callback
                0x000000000000100c                _errorexception_callback
                0x0000000000001034                _start_entry
                0x00000000000010e8                _reset_entry
                0x00000000000010f8                SYS_disableInts
                0x0000000000001128                SYS_enableInts
                0x0000000000001154                SYS_setVIntPreCallback
                0x000000000000115e                SYS_setVIntCallback
                0x0000000000001168                SYS_setHIntCallback
                0x0000000000001172                SYS_setExtIntCallback
                0x000000000000117c                SYS_isInVIntCallback
                0x0000000000001188                SYS_isInHIntCallback
                0x0000000000001194                SYS_isInExtIntCallback
                0x00000000000011a0                SYS_isInInterrupt
                0x00000000000011a8                SYS_isNTSC
                0x00000000000011b8                SYS_isPAL
                0x00000000000011c4                SYS_die
 .text          0x0000000000001218      0x886 /opt/toolchains/gen//m68k-elf/lib/libmd.a(vdp.o)
                0x0000000000001218                VDP_getReg
                0x0000000000001238                VDP_setReg
                0x0000000000001390                VDP_getEnable
                0x000000000000139c                VDP_setEnable
                0x00000000000013c8                VDP_getScanlineNumber
                0x00000000000013de                VDP_getScreenHeight
                0x00000000000013e6                VDP_setScreenHeight224
                0x000000000000140c                VDP_setScreenHeight240
                0x000000000000143e                VDP_getScreenWidth
                0x0000000000001446                VDP_setScreenWidth256
                0x000000000000146c                VDP_setScreenWidth320
                0x0000000000001492                VDP_getPlanWidth
                0x00000000000014a6                VDP_getPlanHeight
                0x00000000000014b8                VDP_setPlanSize
                0x00000000000014ec                VDP_getVerticalScrollingMode
                0x00000000000014fa                VDP_getHorizontalScrollingMode
                0x0000000000001506                VDP_setScrollingMode
                0x0000000000001538                VDP_getBackgroundColor
                0x0000000000001540                VDP_setBackgroundColor
                0x000000000000155e                VDP_getAutoInc
                0x0000000000001566                VDP_setAutoInc
                0x0000000000001580                VDP_setHInterrupt
                0x00000000000015ac                VDP_setHilightShadow
                0x00000000000015d8                VDP_getHIntCounter
                0x00000000000015e0                VDP_setHIntCounter
                0x00000000000015fa                VDP_getAPlanAddress
                0x0000000000001602                VDP_getBPlanAddress
                0x000000000000160a                VDP_getWindowAddress
                0x0000000000001612                VDP_getWindowPlanAddress
                0x000000000000161a                VDP_getSpriteListAddress
                0x0000000000001622                VDP_getHScrollTableAddress
                0x000000000000162a                VDP_setAPlanAddress
                0x000000000000164e                VDP_setWindowAddress
                0x0000000000001690                VDP_setWindowPlanAddress
                0x00000000000016a0                VDP_setBPlanAddress
                0x00000000000016c4                VDP_setSpriteListAddress
                0x0000000000001706                VDP_setHScrollTableAddress
                0x000000000000172c                VDP_setScanMode
                0x0000000000001774                VDP_waitDMACompletion
                0x0000000000001782                VDP_init
                0x0000000000001984                VDP_waitFIFOEmpty
                0x0000000000001992                VDP_waitVSync
                0x00000000000019ac                VDP_resetScreen
                0x0000000000001a20                VDP_showFPS
 *fill*         0x0000000000001a9e        0x2 
 .text          0x0000000000001aa0      0x5a8 /opt/toolchains/gen//m68k-elf/lib/libmd.a(dma.o)
                0x0000000000001aa0                DMA_getAutoFlush
                0x0000000000001aa8                DMA_setAutoFlush
                0x0000000000001ace                DMA_getMaxTransferSize
                0x0000000000001ad6                DMA_setMaxTransferSize
                0x0000000000001ae0                DMA_clearQueue
                0x0000000000001afa                DMA_flushQueue
                0x0000000000001bbe                DMA_getQueueSize
                0x0000000000001bc6                DMA_getQueueTransferSize
                0x0000000000001bce                DMA_queueDma
                0x0000000000001db8                DMA_waitCompletion
                0x0000000000001dc6                DMA_doDma
                0x0000000000001f16                DMA_doVRamFill
                0x0000000000001fc2                DMA_doVRamCopy
 .text          0x0000000000002048     0x1860 /opt/toolchains/gen//m68k-elf/lib/libmd.a(tools.o)
                0x0000000000002048                getFPS
                0x00000000000020b0                getFPS_f
                0x0000000000002132                KLog
                0x0000000000002156                KLog_U1
                0x00000000000021a2                KLog_U2
                0x0000000000002210                KLog_U3
                0x000000000000229c                KLog_U4
                0x0000000000002344                KLog_U1x
                0x0000000000002394                KLog_U2x
                0x0000000000002404                KLog_U3x
                0x0000000000002490                KLog_U4x
                0x0000000000002536                KLog_S1
                0x0000000000002582                KLog_S2
                0x00000000000025f0                KLog_S3
                0x000000000000267c                KLog_S4
                0x0000000000002724                KLog_S1x
                0x0000000000002774                KLog_S2x
                0x00000000000027e4                KLog_S3x
                0x0000000000002870                KLog_S4x
                0x0000000000002916                KLog_f1
                0x0000000000002966                KLog_f2
                0x00000000000029dc                KLog_f3
                0x0000000000002a74                KLog_f4
                0x0000000000002b2c                KLog_f1x
                0x0000000000002b80                KLog_f2x
                0x0000000000002bf8                KLog_f3x
                0x0000000000002c90                KLog_f4x
                0x0000000000002d46                KLog_F1
                0x0000000000002d92                KLog_F2
                0x0000000000002e00                KLog_F3
                0x0000000000002e8c                KLog_F4
                0x0000000000002f34                KLog_F1x
                0x0000000000002f84                KLog_F2x
                0x0000000000002ff4                KLog_F3x
                0x0000000000003080                KLog_F4x
                0x0000000000003126                allocateBitmap
                0x0000000000003186                allocateBitmapEx
                0x00000000000031c8                allocateTileSet
                0x0000000000003212                allocateTileSetEx
                0x000000000000323e                allocateMap
                0x0000000000003288                allocateMapEx
                0x00000000000032b2                allocateImage
                0x0000000000003376                rle4b_unpack
                0x00000000000033d0                rlemap_unpack
                0x0000000000003468                unpackEx
                0x0000000000003516                getTileSet
                0x0000000000003564                unpack
                0x0000000000003582                unpackBitmap
                0x0000000000003614                unpackTileSet
                0x0000000000003686                unpackMap
                0x00000000000036fc                unpackImage
                0x0000000000003752                rle4b_unpackVRam
                0x00000000000037de                uftc_unpack_old
 .text          0x00000000000038a8      0x236 /opt/toolchains/gen//m68k-elf/lib/libmd.a(memory.o)
                0x00000000000038a8                MEM_init
                0x00000000000038d0                MEM_getFree
                0x00000000000038fa                MEM_free
                0x000000000000390c                MEM_alloc
                0x00000000000039ea                memcpyU16
                0x0000000000003a08                memcpyU32
                0x0000000000003a28                fastMemset
                0x0000000000003a48                fastMemsetU16
                0x0000000000003a68                fastMemsetU32
                0x0000000000003a84                fastMemcpy
                0x0000000000003aa0                fastMemcpyU16
                0x0000000000003abe                fastMemcpyU32
 *fill*         0x0000000000003ade        0x2 
 .text          0x0000000000003ae0      0x1d4 /opt/toolchains/gen//m68k-elf/lib/libmd.a(timer.o)
                0x0000000000003ae0                getSubTick
                0x0000000000003b32                getTick
                0x0000000000003b5e                getTime
                0x0000000000003b80                getTimeAsFix32
                0x0000000000003b94                startTimer
                0x0000000000003bb6                getTimer
                0x0000000000003bfa                waitSubTick
                0x0000000000003c42                waitTick
                0x0000000000003c84                waitMs
 .text          0x0000000000003cb4      0x5f2 /opt/toolchains/gen//m68k-elf/lib/libmd.a(z80_ctrl.o)
                0x0000000000003cb4                Z80_isBusTaken
                0x0000000000003cc6                Z80_requestBus
                0x0000000000003cec                Z80_releaseBus
                0x0000000000003cf6                Z80_startReset
                0x0000000000003d00                Z80_endReset
                0x0000000000003d0a                Z80_setBank
                0x0000000000003d1e                Z80_init
                0x0000000000003d3c                Z80_read
                0x0000000000003d4e                Z80_write
                0x0000000000003d62                Z80_clear
                0x0000000000003dda                Z80_upload
                0x0000000000003e4e                Z80_download
                0x0000000000003ea6                Z80_getLoadedDriver
                0x0000000000003eae                Z80_unloadDriver
                0x0000000000003ee0                Z80_loadCustomDriver
                0x0000000000003f24                Z80_isDriverReady
                0x0000000000003f5a                Z80_loadDriver
 *fill*         0x00000000000042a6        0x2 
 .text          0x00000000000042a8      0xf5c /opt/toolchains/gen//m68k-elf/lib/libmd.a(sound.o)
                0x00000000000042a8                SND_isPlaying_PCM
                0x00000000000042dc                SND_startPlay_PCM
                0x0000000000004380                SND_stopPlay_PCM
                0x00000000000043ea                SND_isPlaying_2ADPCM
                0x0000000000004420                SND_startPlay_2ADPCM
                0x00000000000044e0                SND_stopPlay_2ADPCM
                0x000000000000455a                SND_isPlaying_4PCM_ENV
                0x0000000000004590                SND_startPlay_4PCM_ENV
                0x000000000000466a                SND_stopPlay_4PCM_ENV
                0x00000000000046e4                SND_setVolume_4PCM_ENV
                0x000000000000472c                SND_getVolume_4PCM_ENV
                0x000000000000476e                SND_isPlaying_MVS
                0x00000000000047a0                SND_startPlay_MVS
                0x000000000000480a                SND_stopPlay_MVS
                0x000000000000483c                SND_setTempo_MVS
                0x000000000000486c                SND_startDAC_MVS
                0x00000000000048ce                SND_stopDAC_MVS
                0x00000000000048f8                SND_isPlayingPSG_MVS
                0x0000000000004926                SND_startPSG_MVS
                0x0000000000004972                SND_stopPSG_MVS
                0x000000000000499c                SND_enablePSG_MVS
                0x00000000000049dc                SND_disablePSG_MVS
                0x0000000000004a1c                SND_startPlay_TFM
                0x0000000000004a90                SND_stopPlay_TFM
                0x0000000000004a98                SND_stopPlay_VGM
                0x0000000000004ac4                SND_resumePlay_VGM
                0x0000000000004af0                SND_isPlaying_VGM
                0x0000000000004b20                SND_startPlay_VGM
                0x0000000000004b9c                SND_playSfx_VGM
                0x0000000000004bfe                SND_isPlaying_XGM
                0x0000000000004c32                SND_startPlay_XGM
                0x0000000000004d4a                SND_stopPlay_XGM
                0x0000000000004db2                SND_pausePlay_XGM
                0x0000000000004de4                SND_resumePlay_XGM
                0x0000000000004e1e                SND_isPlayingPCM_XGM
                0x0000000000004e54                SND_setPCMFast_XGM
                0x0000000000004e92                SND_setPCM_XGM
                0x0000000000004ed2                SND_startPlayPCM_XGM
                0x0000000000004f34                SND_stopPlayPCM_XGM
                0x0000000000004f8a                SND_set68KBUSProtection_XGM
                0x0000000000004fb2                SND_nextXFrame_XGM
                0x0000000000004ffa                SND_getManualSync_XGM
                0x0000000000005006                SND_setManualSync_XGM
                0x000000000000504c                SND_getForceDelayDMA_XGM
                0x0000000000005058                SND_setForceDelayDMA_XGM
                0x000000000000507e                SND_getMusicTempo_XGM
                0x0000000000005086                SND_setMusicTempo_XGM
                0x00000000000050ae                SND_getCPULoad_XGM
                0x000000000000516e                XGM_resetLoadCalculation
                0x000000000000519c                XGM_doVBlankProcess
 .text          0x0000000000005204      0x1f2 /opt/toolchains/gen//m68k-elf/lib/libmd.a(ym2612.o)
                0x0000000000005204                YM2612_read
                0x000000000000521e                YM2612_write
                0x0000000000005242                YM2612_reset
                0x000000000000532c                YM2612_writeSafe
                0x0000000000005344                YM2612_writeReg
                0x0000000000005396                YM2612_writeRegSafe
                0x00000000000053b8                YM2612_enableDAC
                0x00000000000053d8                YM2612_disableDAC
 *fill*         0x00000000000053f6        0x2 
 .text          0x00000000000053f8      0x618 /opt/toolchains/gen//m68k-elf/lib/libmd.a(vdp_pal.o)
                0x00000000000054b0                VDP_getPaletteColor
                0x00000000000054e4                VDP_setPaletteColor
                0x0000000000005522                VDP_doStepFading
                0x00000000000055fc                VDP_initFading
                0x0000000000005728                VDP_interruptFade
                0x000000000000573a                VDP_fade
                0x00000000000057aa                VDP_fadeTo
                0x000000000000580a                VDP_fadeOut
                0x000000000000583a                VDP_fadeIn
                0x000000000000586e                VDP_fadePal
                0x00000000000058aa                VDP_fadePalTo
                0x00000000000058e2                VDP_fadePalOut
                0x000000000000591c                VDP_fadePalIn
                0x000000000000595a                VDP_fadeAll
                0x0000000000005982                VDP_fadeAllTo
                0x00000000000059a6                VDP_fadeOutAll
                0x00000000000059cc                VDP_fadeInAll
                0x00000000000059f6                VDP_isDoingFade
                0x0000000000005a02                VDP_waitFadeCompletion
 .text          0x0000000000005a10      0x114 /opt/toolchains/gen//m68k-elf/lib/libmd.a(psg.o)
                0x0000000000005a10                PSG_init
                0x0000000000005a3c                PSG_write
                0x0000000000005a46                PSG_setEnvelope
                0x0000000000005a66                PSG_setTone
                0x0000000000005a96                PSG_setFrequency
                0x0000000000005afc                PSG_setNoise
 .text          0x0000000000005b24        0x0 /opt/toolchains/gen//m68k-elf/lib/libmd.a(z80_vgm.o)
 .text          0x0000000000005b24      0xb94 /opt/toolchains/gen//m68k-elf/lib/libmd.a(vdp_tile.o)
                0x0000000000005b24                VDP_loadTileSet
                0x0000000000005bce                VDP_loadFontData
                0x0000000000005bfe                VDP_loadFont
                0x0000000000005c24                VDP_loadBMPTileDataEx
                0x0000000000005c78                VDP_fillTileData
                0x0000000000005d32                VDP_setTileMap
                0x0000000000005d70                VDP_setTileMapXY
                0x0000000000005dd6                VDP_fillTileMap
                0x0000000000005e72                VDP_fillTileMapRectByIndex
                0x0000000000005e9c                VDP_fillTileMapRect
                0x0000000000005f42                VDP_clearTileMap
                0x0000000000005f96                VDP_clearTileMapRectByIndex
                0x0000000000005fc0                VDP_clearTileMapRect
                0x0000000000005ff4                VDP_fillTileMapInc
                0x00000000000060be                VDP_fillTileMapRectIncByIndex
                0x00000000000060e8                VDP_fillTileMapRectInc
                0x0000000000006194                VDP_setTileMapData
                0x0000000000006278                VDP_setTileMapRectByIndex
                0x00000000000062a6                VDP_setTileMapDataRect
                0x000000000000635e                VDP_setTileMapDataEx
                0x0000000000006450                VDP_setTileMapRectExByIndex
                0x0000000000006482                VDP_setTileMapDataRectEx
                0x0000000000006568                VDP_setTileMapRectEx
                0x00000000000065ac                VDP_setMapEx
                0x0000000000006674                VDP_setMap
 .text          0x00000000000066b8      0x3ec /opt/toolchains/gen//m68k-elf/lib/libmd.a(vdp_spr.o)
                0x00000000000066b8                VDP_resetSprites
                0x00000000000066d0                VDP_resetSpritesDirect
                0x0000000000006712                VDP_setSprite
                0x000000000000676e                VDP_setSpriteP
                0x00000000000067ba                VDP_setSpriteDirect
                0x000000000000683c                VDP_setSpriteDirectP
                0x00000000000068be                VDP_setSpritePosition
                0x00000000000068fe                VDP_setSpritesDirect
                0x0000000000006990                VDP_setSprites
                0x0000000000006a02                VDP_updateSprites
 .text          0x0000000000006aa4        0x0 /opt/toolchains/gen//m68k-elf/lib/libmd.a(tab_cnv.o)
 .text          0x0000000000006aa4      0x266 /opt/toolchains/gen//m68k-elf/lib/libmd.a(vdp_dma.o)
                0x0000000000006aa4                VDP_doDMAEx
                0x0000000000006bf4                VDP_doDMA
                0x0000000000006c1e                VDP_doVRamDMAFill
                0x0000000000006c92                VDP_doVRamDMACopy
 *fill*         0x0000000000006d0a        0x2 
 .text          0x0000000000006d0c     0x111e /opt/toolchains/gen//m68k-elf/lib/libmd.a(bmp.o)
                0x0000000000006e60                BMP_end
                0x0000000000006ec4                BMP_hasFlipRequestPending
                0x0000000000006ed2                BMP_waitWhileFlipRequestPending
                0x0000000000006ee2                BMP_hasFlipInProgess
                0x0000000000006eee                BMP_waitFlipComplete
                0x0000000000006efe                BMP_flip
                0x0000000000006f52                BMP_drawText
                0x0000000000006fb0                BMP_clearText
                0x000000000000700c                BMP_clearTextLine
                0x000000000000704c                BMP_showFPS
                0x000000000000711e                BMP_clear
                0x000000000000712e                BMP_reset
                0x0000000000007250                BMP_init
                0x000000000000728e                BMP_getWritePointer
                0x00000000000072b4                BMP_getReadPointer
                0x00000000000072da                BMP_getPixel
                0x0000000000007312                BMP_setPixel
                0x000000000000734a                BMP_setPixels_V2D
                0x000000000000739a                BMP_setPixels
                0x00000000000073f4                BMP_drawBitmapData
                0x0000000000007496                BMP_drawBitmap
                0x000000000000756a                BMP_loadBitmapData
                0x000000000000759c                BMP_loadBitmap
                0x00000000000075c2                BMP_getBitmapPalette
                0x00000000000075de                BMP_scale
                0x00000000000076b8                BMP_drawBitmapScaled
                0x00000000000077c2                BMP_loadAndScaleBitmap
                0x00000000000077f8                BMP_doVBlankProcess
                0x0000000000007800                BMP_doHBlankProcess
 *fill*         0x0000000000007e2a        0x2 
 .text          0x0000000000007e2c      0x65c /opt/toolchains/gen//m68k-elf/lib/libmd.a(tile_cache.o)
                0x0000000000007ecc                TC_init
                0x0000000000007f04                TC_end
                0x0000000000007f66                TC_createCacheEx
                0x0000000000007fac                TC_createCache
                0x0000000000007fce                TC_releaseCache
                0x0000000000007fe0                TC_clearCache
                0x0000000000007ff2                TC_flushCache
                0x0000000000007ffc                TC_alloc
                0x00000000000082e6                TC_reAlloc
                0x0000000000008372                TC_free
                0x00000000000083ec                TC_getTileIndex
                0x000000000000843a                TC_uploadAtVBlank
                0x000000000000846e                TC_doVBlankProcess
 .text          0x0000000000008488      0x80c /opt/toolchains/gen//m68k-elf/lib/libmd.a(vdp_bg.o)
                0x0000000000008488                VDP_setHorizontalScroll
                0x00000000000084d4                VDP_setHorizontalScrollTile
                0x000000000000857a                VDP_setHorizontalScrollLine
                0x0000000000008620                VDP_setVerticalScroll
                0x000000000000865e                VDP_setVerticalScrollTile
                0x00000000000086f4                VDP_clearPlan
                0x00000000000087aa                VDP_getTextPlan
                0x00000000000087c6                VDP_getTextPalette
                0x00000000000087d6                VDP_getTextPriority
                0x00000000000087e2                VDP_setTextPlan
                0x0000000000008806                VDP_setTextPalette
                0x0000000000008826                VDP_setTextPriority
                0x0000000000008844                VDP_drawTextBG
                0x00000000000088f0                VDP_clearTextBG
                0x0000000000008922                VDP_clearTextLineBG
                0x0000000000008958                VDP_drawText
                0x000000000000898c                VDP_clearText
                0x00000000000089ba                VDP_clearTextLine
                0x00000000000089d6                VDP_drawBitmapEx
                0x0000000000008ae6                VDP_drawBitmap
                0x0000000000008b6e                VDP_drawImageEx
                0x0000000000008c16                VDP_drawImage
 *fill*         0x0000000000008c94       0x6c 
 .text          0x0000000000008d00       0x80 /opt/toolchains/gen//m68k-elf/lib/libmd.a(smp_null_pcm.o)
                0x0000000000008d00                smp_null_pcm
 .text          0x0000000000008d80      0x102 /opt/toolchains/gen//m68k-elf/lib/libmd.a(vdp_tile_a.o)
                0x0000000000008d80                VDP_loadTileData
                0x0000000000008dfc                VDP_loadBMPTileData
 *fill*         0x0000000000008e82        0x2 
 .text          0x0000000000008e84      0x1b8 /opt/toolchains/gen//m68k-elf/lib/libmd.a(memory_a.o)
                0x0000000000008e84                memset
                0x0000000000008efc                memsetU16
                0x0000000000008f5a                memsetU32
                0x0000000000008f98                memcpy
 .text          0x000000000000903c      0x15c /opt/toolchains/gen//m68k-elf/lib/libmd.a(vdp_pal_a.o)
                0x000000000000903c                VDP_getPaletteColors
                0x00000000000090a2                VDP_setPaletteColors
                0x0000000000009108                VDP_getPalette
                0x0000000000009150                VDP_setPalette
 .text          0x0000000000009198       0x48 /opt/toolchains/gen//m68k-elf/lib/libmd.a(sys_a.o)
                0x0000000000009198                SYS_assertReset
                0x000000000000919c                SYS_reset
                0x00000000000091aa                SYS_getInterruptMaskLevel
                0x00000000000091b4                SYS_setInterruptMaskLevel
                0x00000000000091c6                SYS_getAndSetInterruptMaskLevel
 .text          0x00000000000091e0       0x88 /opt/toolchains/gen//m68k-elf/lib/libmd.a(kdebug.o)
                0x00000000000091e0                KDebug_Halt
                0x00000000000091ea                KDebug_Alert
                0x0000000000009206                KDebug_AlertNumber
                0x0000000000009254                KDebug_StartTimer
                0x000000000000925e                KDebug_StopTimer
 *fill*         0x0000000000009268       0x98 
 .text          0x0000000000009300      0x100 /opt/toolchains/gen//m68k-elf/lib/libmd.a(smp_null.o)
                0x0000000000009300                smp_null
 .text          0x0000000000009400     0x13f8 /opt/toolchains/gen//m68k-elf/lib/libmd.a(bmp_a.o)
                0x0000000000009400                clearBitmapBuffer
                0x0000000000009542                BMP_clipLine
                0x000000000000955e                BMP_drawLine
                0x00000000000095ce                BMP_isPolygonCulled
                0x0000000000009efc                BMP_drawPolygon
 .text          0x000000000000a7f8      0x10a /opt/toolchains/gen//m68k-elf/lib/libmd.a(tools_a.o)
                0x000000000000a7f8                aplib_unpack
                0x000000000000a7fe                aplib_decrunch
                0x000000000000a8a0                uftc_unpack
 *fill*         0x000000000000a902        0x2 
 .text          0x000000000000a904      0xb26 /opt/toolchains/gen//m68k-elf/lib/libmd.a(z80_drv1.o)
                0x000000000000a904                z80_drv1
 *fill*         0x000000000000b42a        0x2 
 .text          0x000000000000b42c      0x69e /opt/toolchains/gen//m68k-elf/lib/libmd.a(z80_tfm.o)
                0x000000000000b42c                z80_tfm
 *fill*         0x000000000000baca        0x2 
 .text          0x000000000000bacc      0xe00 /opt/toolchains/gen//m68k-elf/lib/libmd.a(z80_drv2.o)
                0x000000000000bacc                z80_drv2
 .text          0x000000000000c8cc      0xa64 /opt/toolchains/gen//m68k-elf/lib/libmd.a(z80_drv3.o)
                0x000000000000c8cc                z80_drv3
 .text          0x000000000000d330     0x1700 /opt/toolchains/gen//m68k-elf/lib/libmd.a(z80_xgm.o)
                0x000000000000d330                z80_xgm
 .text          0x000000000000ea30      0xa5c /opt/toolchains/gen//m68k-elf/lib/libmd.a(z80_mvs.o)
                0x000000000000ea30                z80_mvs
 .text          0x000000000000f48c        0x0 /opt/toolchains/gen//m68k-elf/lib/libmd.a(libres.o)
 .text          0x000000000000f48c        0x0 /opt/toolchains/gen//m68k-elf/lib/libmd.a(tab_vol.o)
 .text          0x000000000000f48c      0x656 /opt/toolchains/gen//m68k-elf/lib/libmd.a(maths.o)
                0x000000000000f48c                random
                0x000000000000f4ac                intToBCD
                0x000000000000f540                distance_approx
                0x000000000000f592                Partition_u8
                0x000000000000f614                QSort_u8
                0x000000000000f662                Partition_s8
                0x000000000000f6e4                QSort_s8
                0x000000000000f732                Partition_u16
                0x000000000000f7c2                QSort_u16
                0x000000000000f810                Partition_s16
                0x000000000000f8a0                QSort_s16
                0x000000000000f8ee                Partition_u32
                0x000000000000f99a                QSort_u32
                0x000000000000f9e8                Partition_s32
                0x000000000000fa94                QSort_s32
 *fill*         0x000000000000fae2        0x2 
 .text          0x000000000000fae4      0x8d2 /opt/toolchains/gen//m68k-elf/lib/libmd.a(string.o)
                0x000000000000fae4                strlen
                0x000000000000fbd0                strnlen
                0x000000000000fc0e                strcmp
                0x000000000000fc2e                strclr
                0x000000000000fc38                strcpy
                0x000000000000fc4a                strcat
                0x000000000000fc64                strreplace
                0x000000000000fc88                intToStr
                0x000000000000fcb6                uintToStr
                0x000000000000fcd2                intToHex
                0x000000000000fd86                fix32ToStr
                0x000000000000fe06                fix16ToStr
                0x000000000000fe80                sprintf
 *fill*         0x00000000000103b6        0x2 
 .text          0x00000000000103b8     0x1804 /opt/toolchains/gen//m68k-elf/lib/libmd.a(joy.o)
                0x0000000000010e50                JOY_setEventHandler
                0x0000000000010e5a                JOY_setSupport
                0x0000000000011292                JOY_init
                0x00000000000115d2                JOY_getPortType
                0x00000000000115f2                JOY_getJoypadType
                0x0000000000011612                JOY_readJoypad
                0x0000000000011662                JOY_readJoypadX
                0x0000000000011684                JOY_readJoypadY
                0x00000000000116a6                JOY_update
                0x0000000000011ac8                JOY_waitPressTime
                0x0000000000011b6e                JOY_waitPressBtn
                0x0000000000011b84                JOY_waitPressBtnTime
                0x0000000000011ba0                JOY_waitPress
 .text          0x0000000000011bbc        0xc /opt/toolchains/gen//m68k-elf/lib/libmd.a(types.o)
                0x0000000000011bbc                getZeroU8
                0x0000000000011bc0                getZeroU16
                0x0000000000011bc4                getZeroU32
 .text          0x0000000000011bc8       0x22 /opt/toolchains/gen//m68k-elf/lib/gcc/m68k-elf/4.8.2/libgcc.a(_mulsi3.o)
                0x0000000000011bc8                __mulsi3
 *fill*         0x0000000000011bea        0x2 
 .text          0x0000000000011bec       0x5c /opt/toolchains/gen//m68k-elf/lib/gcc/m68k-elf/4.8.2/libgcc.a(_udivsi3.o)
                0x0000000000011bec                __udivsi3
 .text          0x0000000000011c48       0x2e /opt/toolchains/gen//m68k-elf/lib/gcc/m68k-elf/4.8.2/libgcc.a(_divsi3.o)
                0x0000000000011c48                __divsi3
 *fill*         0x0000000000011c76        0x2 
 .text          0x0000000000011c78       0x2e /opt/toolchains/gen//m68k-elf/lib/gcc/m68k-elf/4.8.2/libgcc.a(_umodsi3.o)
                0x0000000000011c78                __umodsi3
 *fill*         0x0000000000011ca6        0x2 
 .text          0x0000000000011ca8      0x754 main.o
                0x0000000000011ca8                handleJoyEvent
                0x0000000000011cd4                get_distance
                0x0000000000011d48                Partition_polymesh
                0x0000000000011de2                sort_polymeshs
                0x0000000000011e3a                updatePointsPos
                0x0000000000011e7e                drawPoints
                0x00000000000120b2                render
                0x00000000000122a0                doActionJoy
 .text          0x00000000000123fc      0xaca /opt/toolchains/gen//m68k-elf/lib/libmd.a(maths3D.o)
                0x00000000000123fc                M3D_reset
                0x0000000000012430                M3D_setLightEnabled
                0x000000000001243a                M3D_getLightEnabled
                0x0000000000012442                M3D_setViewport
                0x0000000000012454                M3D_setCamDistance
                0x000000000001245e                M3D_setLightXYZ
                0x0000000000012478                M3D_setLight
                0x0000000000012494                M3D_setTransform
                0x00000000000124b2                M3D_setTranslation
                0x00000000000124cc                M3D_setRotation
                0x0000000000012508                M3D_buildMat3DOnly
                0x0000000000012662                M3D_translate
                0x00000000000126b2                M3D_rotateInv
                0x000000000001277a                M3D_resetTransform
                0x0000000000012820                M3D_buildMat3DExtras
                0x000000000001288a                M3D_combineTransform
                0x0000000000012bcc                M3D_buildMat3D
                0x0000000000012be4                M3D_combineTranslationLeft
                0x0000000000012c84                M3D_combineTranslationRight
                0x0000000000012dce                M3D_rotate
 *fill*         0x0000000000012ec6        0x2 
 .text          0x0000000000012ec8      0x15c /opt/toolchains/gen//m68k-elf/lib/libmd.a(maths3D_a.o)
                0x0000000000012ec8                M3D_transform
                0x0000000000012f48                M3D_project_f16
                0x0000000000012fb4                M3D_project_s16
 .text          0x0000000000013024        0x0 /opt/toolchains/gen//m68k-elf/lib/libmd.a(tab_sin.o)
                0x0000000000013024                . = ALIGN (0x4)
                0x0000000000013024                __CTOR_LIST__ = .
                0x0000000000013024        0x4 LONG 0x0 (((__CTOR_END__ - __CTOR_LIST__) / 0x4) - 0x2)
 *(.ctors)
                0x0000000000013028        0x4 LONG 0x0
                0x000000000001302c                __CTOR_END__ = .
                0x000000000001302c                __DTOR_LIST__ = .
                0x000000000001302c        0x4 LONG 0x0 (((__DTOR_END__ - __DTOR_LIST__) / 0x4) - 0x2)
 *(.dtors)
                0x0000000000013030        0x4 LONG 0x0
                0x0000000000013034                __DTOR_END__ = .
 *(.rodata .rodata.*)
 .rodata.str1.1
                0x0000000000013034      0x13e /opt/toolchains/gen//m68k-elf/lib/libmd.a(sys.o)
 .rodata.str1.1
                0x0000000000013172       0x21 /opt/toolchains/gen//m68k-elf/lib/libmd.a(vdp.o)
                                         0x4c (size before relaxing)
 *fill*         0x0000000000013193        0x1 
 .rodata        0x0000000000013194        0x4 /opt/toolchains/gen//m68k-elf/lib/libmd.a(vdp.o)
                0x0000000000013194                PLAN_A
                0x0000000000013196                PLAN_B
 .rodata.str1.1
                0x0000000000000000        0x2 /opt/toolchains/gen//m68k-elf/lib/libmd.a(tools.o)
 .rodata        0x0000000000013198      0x104 /opt/toolchains/gen//m68k-elf/lib/libmd.a(vdp_pal.o)
                0x0000000000013198                palette_blue
                0x00000000000131b8                palette_green
                0x00000000000131d8                palette_red
                0x00000000000131f8                palette_grey
                0x0000000000013218                palette_black
                0x000000000001321c                palette_black_all
 .rodata        0x000000000001329c      0xe40 /opt/toolchains/gen//m68k-elf/lib/libmd.a(z80_vgm.o)
                0x000000000001329c                z80_vgm
 .rodata        0x00000000000140dc      0x6f4 /opt/toolchains/gen//m68k-elf/lib/libmd.a(tab_cnv.o)
                0x00000000000140dc                cnv_bcd_tab
                0x0000000000014140                cnv_8to32_tab
                0x0000000000014540                cnv_8to16_tab
                0x0000000000014740                cnv_4to32_tab
                0x0000000000014780                cnv_4to16_tab
                0x00000000000147a0                cnv_4to8_tab
                0x00000000000147b0                cnv_2to32_tab
                0x00000000000147c0                cnv_2to16_tab
                0x00000000000147c8                cnv_2to8_tab
                0x00000000000147cc                cnv_2to4_tab
 .rodata        0x00000000000147d0      0xcec /opt/toolchains/gen//m68k-elf/lib/libmd.a(libres.o)
                0x0000000000015176                logo_lib
                0x00000000000153e0                font_lib
                0x0000000000015408                font_pal_lib
                0x0000000000015410                stop_xgm
 .rodata        0x00000000000154bc     0x1000 /opt/toolchains/gen//m68k-elf/lib/libmd.a(tab_vol.o)
                0x00000000000154bc                tab_vol
 .rodata.str1.1
                0x00000000000164bc       0x29 /opt/toolchains/gen//m68k-elf/lib/libmd.a(string.o)
 *fill*         0x00000000000164e5        0x1 
 .rodata        0x00000000000164e6       0x18 /opt/toolchains/gen//m68k-elf/lib/libmd.a(joy.o)
 .rodata        0x00000000000164fe      0x1d8 main.o
                0x00000000000164fe                polymesh_palette
                0x0000000000016506                cube1_face_color
                0x0000000000016522                cube1_face_norm
                0x0000000000016576                cube1_line_ind
                0x0000000000016626                cube1_poly_ind
                0x000000000001669a                cube1_coord
 .rodata        0x00000000000166d6     0x1800 /opt/toolchains/gen//m68k-elf/lib/libmd.a(tab_sin.o)
                0x00000000000166d6                sintab16
                0x0000000000016ed6                sintab32
 *(.gcc_except_table .gcc_except_table.*)
                0x0000000000017ed8                . = ALIGN (0x4)
 *fill*         0x0000000000017ed6        0x2 
                0x0000000000017ed8                __INIT_SECTION__ = .
 *(.init)
                0x0000000000017ed8        0x2 SHORT 0x4e75
                0x0000000000017eda                __FINI_SECTION__ = .
 *(.fini)
                0x0000000000017eda        0x2 SHORT 0x4e75
                0x0000000000017edc                _etext = .
 *(.lit)
                0x0000000000017edc                _stext = SIZEOF (.text)

.data           0x0000000000ff0000       0x3c load address 0x0000000000017edc
 *(.got.plt)
 *(.got)
 *(.shdata)
 *(.data .data.*)
 .data          0x0000000000ff0000        0x0 boot/sega.o
 .data          0x0000000000ff0000        0x0 /opt/toolchains/gen//m68k-elf/lib/libmd.a(sys.o)
 .data          0x0000000000ff0000        0x0 /opt/toolchains/gen//m68k-elf/lib/libmd.a(vdp.o)
 .data          0x0000000000ff0000        0x4 /opt/toolchains/gen//m68k-elf/lib/libmd.a(dma.o)
 .data          0x0000000000ff0004        0x0 /opt/toolchains/gen//m68k-elf/lib/libmd.a(tools.o)
 .data          0x0000000000ff0004        0x0 /opt/toolchains/gen//m68k-elf/lib/libmd.a(memory.o)
 .data          0x0000000000ff0004        0x0 /opt/toolchains/gen//m68k-elf/lib/libmd.a(timer.o)
 .data          0x0000000000ff0004        0x0 /opt/toolchains/gen//m68k-elf/lib/libmd.a(z80_ctrl.o)
 .data          0x0000000000ff0004        0x0 /opt/toolchains/gen//m68k-elf/lib/libmd.a(sound.o)
 .data          0x0000000000ff0004        0x0 /opt/toolchains/gen//m68k-elf/lib/libmd.a(ym2612.o)
 .data          0x0000000000ff0004        0x0 /opt/toolchains/gen//m68k-elf/lib/libmd.a(vdp_pal.o)
 .data          0x0000000000ff0004        0x0 /opt/toolchains/gen//m68k-elf/lib/libmd.a(psg.o)
 .data          0x0000000000ff0004        0x0 /opt/toolchains/gen//m68k-elf/lib/libmd.a(z80_vgm.o)
 .data          0x0000000000ff0004        0x0 /opt/toolchains/gen//m68k-elf/lib/libmd.a(vdp_tile.o)
 .data          0x0000000000ff0004        0x0 /opt/toolchains/gen//m68k-elf/lib/libmd.a(vdp_spr.o)
 .data          0x0000000000ff0004        0x0 /opt/toolchains/gen//m68k-elf/lib/libmd.a(tab_cnv.o)
 .data          0x0000000000ff0004        0x0 /opt/toolchains/gen//m68k-elf/lib/libmd.a(vdp_dma.o)
 .data          0x0000000000ff0004        0x0 /opt/toolchains/gen//m68k-elf/lib/libmd.a(bmp.o)
 .data          0x0000000000ff0004        0x0 /opt/toolchains/gen//m68k-elf/lib/libmd.a(tile_cache.o)
 .data          0x0000000000ff0004        0x0 /opt/toolchains/gen//m68k-elf/lib/libmd.a(vdp_bg.o)
 .data          0x0000000000ff0004        0x0 /opt/toolchains/gen//m68k-elf/lib/libmd.a(smp_null_pcm.o)
 .data          0x0000000000ff0004        0x0 /opt/toolchains/gen//m68k-elf/lib/libmd.a(vdp_tile_a.o)
 .data          0x0000000000ff0004        0x0 /opt/toolchains/gen//m68k-elf/lib/libmd.a(memory_a.o)
 .data          0x0000000000ff0004        0x0 /opt/toolchains/gen//m68k-elf/lib/libmd.a(vdp_pal_a.o)
 .data          0x0000000000ff0004        0x0 /opt/toolchains/gen//m68k-elf/lib/libmd.a(sys_a.o)
 .data          0x0000000000ff0004        0x0 /opt/toolchains/gen//m68k-elf/lib/libmd.a(kdebug.o)
 .data          0x0000000000ff0004        0x0 /opt/toolchains/gen//m68k-elf/lib/libmd.a(smp_null.o)
 .data          0x0000000000ff0004        0x0 /opt/toolchains/gen//m68k-elf/lib/libmd.a(bmp_a.o)
 .data          0x0000000000ff0004        0x0 /opt/toolchains/gen//m68k-elf/lib/libmd.a(tools_a.o)
 .data          0x0000000000ff0004        0x0 /opt/toolchains/gen//m68k-elf/lib/libmd.a(z80_drv1.o)
 .data          0x0000000000ff0004        0x0 /opt/toolchains/gen//m68k-elf/lib/libmd.a(z80_tfm.o)
 .data          0x0000000000ff0004        0x0 /opt/toolchains/gen//m68k-elf/lib/libmd.a(z80_drv2.o)
 .data          0x0000000000ff0004        0x0 /opt/toolchains/gen//m68k-elf/lib/libmd.a(z80_drv3.o)
 .data          0x0000000000ff0004        0x0 /opt/toolchains/gen//m68k-elf/lib/libmd.a(z80_xgm.o)
 .data          0x0000000000ff0004        0x0 /opt/toolchains/gen//m68k-elf/lib/libmd.a(z80_mvs.o)
 .data          0x0000000000ff0004        0x0 /opt/toolchains/gen//m68k-elf/lib/libmd.a(libres.o)
 .data          0x0000000000ff0004        0x0 /opt/toolchains/gen//m68k-elf/lib/libmd.a(tab_vol.o)
 .data          0x0000000000ff0004        0x0 /opt/toolchains/gen//m68k-elf/lib/libmd.a(maths.o)
 .data          0x0000000000ff0004        0x0 /opt/toolchains/gen//m68k-elf/lib/libmd.a(string.o)
 .data          0x0000000000ff0004        0x0 /opt/toolchains/gen//m68k-elf/lib/libmd.a(joy.o)
 .data          0x0000000000ff0004        0x0 /opt/toolchains/gen//m68k-elf/lib/libmd.a(types.o)
 .data          0x0000000000ff0004        0x0 /opt/toolchains/gen//m68k-elf/lib/gcc/m68k-elf/4.8.2/libgcc.a(_mulsi3.o)
 .data          0x0000000000ff0004        0x0 /opt/toolchains/gen//m68k-elf/lib/gcc/m68k-elf/4.8.2/libgcc.a(_udivsi3.o)
 .data          0x0000000000ff0004        0x0 /opt/toolchains/gen//m68k-elf/lib/gcc/m68k-elf/4.8.2/libgcc.a(_divsi3.o)
 .data          0x0000000000ff0004        0x0 /opt/toolchains/gen//m68k-elf/lib/gcc/m68k-elf/4.8.2/libgcc.a(_umodsi3.o)
 .data          0x0000000000ff0004       0x36 main.o
                0x0000000000ff0004                camvec
                0x0000000000ff000a                polymesh_list_len
                0x0000000000ff000c                polymesh_list
                0x0000000000ff0010                polymesh_pal_len
                0x0000000000ff0012                cube1_p
 *fill*         0x0000000000ff003a        0x2 
 .data          0x0000000000ff003c        0x0 /opt/toolchains/gen//m68k-elf/lib/libmd.a(maths3D.o)
 .data          0x0000000000ff003c        0x0 /opt/toolchains/gen//m68k-elf/lib/libmd.a(maths3D_a.o)
 .data          0x0000000000ff003c        0x0 /opt/toolchains/gen//m68k-elf/lib/libmd.a(tab_sin.o)
                0x0000000000ff003c                _edata = .
                0x000000000000003c                _sdata = SIZEOF (.data)

.bss            0x0000000000ff003c     0x24b4 load address 0x0000000000017f18
                0x0000000000ff003c                _start = .
 *(.shbss)
 *(.bss .bss.*)
 .bss           0x0000000000ff003c        0x0 boot/sega.o
 .bss           0x0000000000ff003c       0x14 /opt/toolchains/gen//m68k-elf/lib/libmd.a(sys.o)
 .bss           0x0000000000ff0050       0x13 /opt/toolchains/gen//m68k-elf/lib/libmd.a(vdp.o)
 *fill*         0x0000000000ff0063        0x1 
 .bss           0x0000000000ff0064        0xc /opt/toolchains/gen//m68k-elf/lib/libmd.a(dma.o)
 .bss           0x0000000000ff0070       0x10 /opt/toolchains/gen//m68k-elf/lib/libmd.a(tools.o)
 .bss           0x0000000000ff0080        0x8 /opt/toolchains/gen//m68k-elf/lib/libmd.a(memory.o)
 .bss           0x0000000000ff0088       0x40 /opt/toolchains/gen//m68k-elf/lib/libmd.a(timer.o)
 .bss           0x0000000000ff00c8        0x0 /opt/toolchains/gen//m68k-elf/lib/libmd.a(z80_ctrl.o)
 .bss           0x0000000000ff00c8       0x8c /opt/toolchains/gen//m68k-elf/lib/libmd.a(sound.o)
 .bss           0x0000000000ff0154        0x0 /opt/toolchains/gen//m68k-elf/lib/libmd.a(ym2612.o)
 .bss           0x0000000000ff0154      0x386 /opt/toolchains/gen//m68k-elf/lib/libmd.a(vdp_pal.o)
 *fill*         0x0000000000ff04da        0x2 
 .bss           0x0000000000ff04dc        0x0 /opt/toolchains/gen//m68k-elf/lib/libmd.a(psg.o)
 .bss           0x0000000000ff04dc        0x0 /opt/toolchains/gen//m68k-elf/lib/libmd.a(z80_vgm.o)
 .bss           0x0000000000ff04dc        0x0 /opt/toolchains/gen//m68k-elf/lib/libmd.a(vdp_tile.o)
 .bss           0x0000000000ff04dc        0x0 /opt/toolchains/gen//m68k-elf/lib/libmd.a(vdp_spr.o)
 .bss           0x0000000000ff04dc        0x0 /opt/toolchains/gen//m68k-elf/lib/libmd.a(tab_cnv.o)
 .bss           0x0000000000ff04dc        0x0 /opt/toolchains/gen//m68k-elf/lib/libmd.a(vdp_dma.o)
 .bss           0x0000000000ff04dc       0x14 /opt/toolchains/gen//m68k-elf/lib/libmd.a(bmp.o)
 .bss           0x0000000000ff04f0        0x4 /opt/toolchains/gen//m68k-elf/lib/libmd.a(tile_cache.o)
 .bss           0x0000000000ff04f4        0x0 /opt/toolchains/gen//m68k-elf/lib/libmd.a(vdp_bg.o)
 .bss           0x0000000000ff04f4        0x0 /opt/toolchains/gen//m68k-elf/lib/libmd.a(smp_null_pcm.o)
 .bss           0x0000000000ff04f4        0x0 /opt/toolchains/gen//m68k-elf/lib/libmd.a(vdp_tile_a.o)
 .bss           0x0000000000ff04f4        0x0 /opt/toolchains/gen//m68k-elf/lib/libmd.a(memory_a.o)
 .bss           0x0000000000ff04f4        0x0 /opt/toolchains/gen//m68k-elf/lib/libmd.a(vdp_pal_a.o)
 .bss           0x0000000000ff04f4        0x0 /opt/toolchains/gen//m68k-elf/lib/libmd.a(sys_a.o)
 .bss           0x0000000000ff04f4        0x0 /opt/toolchains/gen//m68k-elf/lib/libmd.a(kdebug.o)
 .bss           0x0000000000ff04f4        0x0 /opt/toolchains/gen//m68k-elf/lib/libmd.a(smp_null.o)
 .bss           0x0000000000ff04f4        0x0 /opt/toolchains/gen//m68k-elf/lib/libmd.a(bmp_a.o)
 .bss           0x0000000000ff04f4        0x0 /opt/toolchains/gen//m68k-elf/lib/libmd.a(tools_a.o)
 .bss           0x0000000000ff04f4        0x0 /opt/toolchains/gen//m68k-elf/lib/libmd.a(z80_drv1.o)
 .bss           0x0000000000ff04f4        0x0 /opt/toolchains/gen//m68k-elf/lib/libmd.a(z80_tfm.o)
 .bss           0x0000000000ff04f4        0x0 /opt/toolchains/gen//m68k-elf/lib/libmd.a(z80_drv2.o)
 .bss           0x0000000000ff04f4        0x0 /opt/toolchains/gen//m68k-elf/lib/libmd.a(z80_drv3.o)
 .bss           0x0000000000ff04f4        0x0 /opt/toolchains/gen//m68k-elf/lib/libmd.a(z80_xgm.o)
 .bss           0x0000000000ff04f4        0x0 /opt/toolchains/gen//m68k-elf/lib/libmd.a(z80_mvs.o)
 .bss           0x0000000000ff04f4        0x0 /opt/toolchains/gen//m68k-elf/lib/libmd.a(libres.o)
 .bss           0x0000000000ff04f4        0x0 /opt/toolchains/gen//m68k-elf/lib/libmd.a(tab_vol.o)
 .bss           0x0000000000ff04f4        0x0 /opt/toolchains/gen//m68k-elf/lib/libmd.a(maths.o)
 .bss           0x0000000000ff04f4        0x0 /opt/toolchains/gen//m68k-elf/lib/libmd.a(string.o)
 .bss           0x0000000000ff04f4       0x46 /opt/toolchains/gen//m68k-elf/lib/libmd.a(joy.o)
 *fill*         0x0000000000ff053a        0x2 
 .bss           0x0000000000ff053c        0x0 /opt/toolchains/gen//m68k-elf/lib/libmd.a(types.o)
 .bss           0x0000000000ff053c        0x0 /opt/toolchains/gen//m68k-elf/lib/gcc/m68k-elf/4.8.2/libgcc.a(_mulsi3.o)
 .bss           0x0000000000ff053c        0x0 /opt/toolchains/gen//m68k-elf/lib/gcc/m68k-elf/4.8.2/libgcc.a(_udivsi3.o)
 .bss           0x0000000000ff053c        0x0 /opt/toolchains/gen//m68k-elf/lib/gcc/m68k-elf/4.8.2/libgcc.a(_divsi3.o)
 .bss           0x0000000000ff053c        0x0 /opt/toolchains/gen//m68k-elf/lib/gcc/m68k-elf/4.8.2/libgcc.a(_umodsi3.o)
 .bss           0x0000000000ff053c        0x0 main.o
 .bss           0x0000000000ff053c        0x0 /opt/toolchains/gen//m68k-elf/lib/libmd.a(maths3D.o)
 .bss           0x0000000000ff053c        0x0 /opt/toolchains/gen//m68k-elf/lib/libmd.a(maths3D_a.o)
 .bss           0x0000000000ff053c        0x0 /opt/toolchains/gen//m68k-elf/lib/libmd.a(tab_sin.o)
 *(COMMON)
 COMMON         0x0000000000ff053c       0x94 /opt/toolchains/gen//m68k-elf/lib/libmd.a(sys.o)
                0x0000000000ff053c                illegalInstCB
                0x0000000000ff0540                errorExceptionCB
                0x0000000000ff0544                trapvInstCB
                0x0000000000ff0548                chkInstCB
                0x0000000000ff054c                registerState
                0x0000000000ff058c                srState
                0x0000000000ff058e                line1x1xCB
                0x0000000000ff0592                ext2State
                0x0000000000ff0594                traceCB
                0x0000000000ff0598                intTrace
                0x0000000000ff059a                zeroDivideCB
                0x0000000000ff059e                internalExtIntCB
                0x0000000000ff05a2                internalVIntCB
                0x0000000000ff05a6                intCB
                0x0000000000ff05aa                addressErrorCB
                0x0000000000ff05ae                VIntProcess
                0x0000000000ff05b2                ExtIntProcess
                0x0000000000ff05b6                HIntProcess
                0x0000000000ff05ba                privilegeViolationCB
                0x0000000000ff05be                pcState
                0x0000000000ff05c2                ext1State
                0x0000000000ff05c4                busErrorCB
                0x0000000000ff05c8                internalHIntCB
                0x0000000000ff05cc                addrState
 COMMON         0x0000000000ff05d0        0xe /opt/toolchains/gen//m68k-elf/lib/libmd.a(vdp.o)
                0x0000000000ff05d0                slist_adr
                0x0000000000ff05d2                hscrl_adr
                0x0000000000ff05d4                screenHeight
                0x0000000000ff05d6                screenWidth
                0x0000000000ff05d8                aplan_adr
                0x0000000000ff05da                bplan_adr
                0x0000000000ff05dc                window_adr
 COMMON         0x0000000000ff05de      0x200 /opt/toolchains/gen//m68k-elf/lib/libmd.a(dma.o)
                0x0000000000ff05de                dmaQueues
 COMMON         0x0000000000ff07de        0x4 /opt/toolchains/gen//m68k-elf/lib/libmd.a(timer.o)
                0x0000000000ff07de                vtimer
 COMMON         0x0000000000ff07e2        0x4 /opt/toolchains/gen//m68k-elf/lib/libmd.a(z80_ctrl.o)
                0x0000000000ff07e2                driverFlags
                0x0000000000ff07e4                currentDriver
 COMMON         0x0000000000ff07e6      0x282 /opt/toolchains/gen//m68k-elf/lib/libmd.a(vdp_spr.o)
                0x0000000000ff07e6                spriteNum
                0x0000000000ff07e8                vdpSpriteCache
 COMMON         0x0000000000ff0a68        0x8 /opt/toolchains/gen//m68k-elf/lib/libmd.a(bmp.o)
                0x0000000000ff0a68                bmp_buffer_write
                0x0000000000ff0a6c                bmp_buffer_read
 COMMON         0x0000000000ff0a70        0x4 /opt/toolchains/gen//m68k-elf/lib/libmd.a(tile_cache.o)
                0x0000000000ff0a70                uploads
 COMMON         0x0000000000ff0a74        0x8 /opt/toolchains/gen//m68k-elf/lib/libmd.a(vdp_bg.o)
                0x0000000000ff0a74                text_basetile
                0x0000000000ff0a76                curTileInd
                0x0000000000ff0a78                text_plan
 COMMON         0x0000000000ff0a7c        0x2 /opt/toolchains/gen//m68k-elf/lib/libmd.a(maths.o)
                0x0000000000ff0a7c                randbase
 COMMON         0x0000000000ff0a7e     0x1a64 main.o
                0x0000000000ff0a7e                pts_2D
                0x0000000000ff0e7e                rotstep
                0x0000000000ff0e84                pts_3D
                0x0000000000ff1484                translation
                0x0000000000ff148a                flatDrawing
                0x0000000000ff148c                stars_t2D
                0x0000000000ff188c                rotation
                0x0000000000ff1892                stars_3D
                0x0000000000ff1e92                light_mask
                0x0000000000ff1e96                stars_t3D
                0x0000000000ff2496                str
                0x0000000000ff24a6                pal_offset
                0x0000000000ff24a8                transformation
 COMMON         0x0000000000ff24e2        0xe /opt/toolchains/gen//m68k-elf/lib/libmd.a(maths3D.o)
                0x0000000000ff24e2                context3D
                0x0000000000ff24f0                _bend = .

.stab
 *(.stab)

.stabstr
 *(.stabstr)

.eh_frame
 *(.eh_frame)
LOAD boot/sega.o
LOAD /opt/toolchains/gen//m68k-elf/lib/libmd.a
LOAD /opt/toolchains/gen//m68k-elf/lib/gcc/m68k-elf/4.8.2/libgcc.a
LOAD main.o
LOAD /opt/toolchains/gen//m68k-elf/lib/libmd.a
LOAD /opt/toolchains/gen//m68k-elf/m68k-elf/lib/libnosys.a
OUTPUT(out.elf elf32-m68k)

.comment        0x0000000000000000       0x11
 .comment       0x0000000000000000       0x11 /opt/toolchains/gen//m68k-elf/lib/libmd.a(sys.o)
                                         0x12 (size before relaxing)
 .comment       0x0000000000000000       0x12 /opt/toolchains/gen//m68k-elf/lib/libmd.a(vdp.o)
 .comment       0x0000000000000000       0x12 /opt/toolchains/gen//m68k-elf/lib/libmd.a(dma.o)
 .comment       0x0000000000000000       0x12 /opt/toolchains/gen//m68k-elf/lib/libmd.a(tools.o)
 .comment       0x0000000000000000       0x12 /opt/toolchains/gen//m68k-elf/lib/libmd.a(memory.o)
 .comment       0x0000000000000000       0x12 /opt/toolchains/gen//m68k-elf/lib/libmd.a(timer.o)
 .comment       0x0000000000000000       0x12 /opt/toolchains/gen//m68k-elf/lib/libmd.a(z80_ctrl.o)
 .comment       0x0000000000000000       0x12 /opt/toolchains/gen//m68k-elf/lib/libmd.a(sound.o)
 .comment       0x0000000000000000       0x12 /opt/toolchains/gen//m68k-elf/lib/libmd.a(ym2612.o)
 .comment       0x0000000000000000       0x12 /opt/toolchains/gen//m68k-elf/lib/libmd.a(vdp_pal.o)
 .comment       0x0000000000000000       0x12 /opt/toolchains/gen//m68k-elf/lib/libmd.a(psg.o)
 .comment       0x0000000000000000       0x12 /opt/toolchains/gen//m68k-elf/lib/libmd.a(z80_vgm.o)
 .comment       0x0000000000000000       0x12 /opt/toolchains/gen//m68k-elf/lib/libmd.a(vdp_tile.o)
 .comment       0x0000000000000000       0x12 /opt/toolchains/gen//m68k-elf/lib/libmd.a(vdp_spr.o)
 .comment       0x0000000000000000       0x12 /opt/toolchains/gen//m68k-elf/lib/libmd.a(tab_cnv.o)
 .comment       0x0000000000000000       0x12 /opt/toolchains/gen//m68k-elf/lib/libmd.a(vdp_dma.o)
 .comment       0x0000000000000000       0x12 /opt/toolchains/gen//m68k-elf/lib/libmd.a(bmp.o)
 .comment       0x0000000000000000       0x12 /opt/toolchains/gen//m68k-elf/lib/libmd.a(tile_cache.o)
 .comment       0x0000000000000000       0x12 /opt/toolchains/gen//m68k-elf/lib/libmd.a(vdp_bg.o)
 .comment       0x0000000000000000       0x12 /opt/toolchains/gen//m68k-elf/lib/libmd.a(tab_vol.o)
 .comment       0x0000000000000000       0x12 /opt/toolchains/gen//m68k-elf/lib/libmd.a(maths.o)
 .comment       0x0000000000000000       0x12 /opt/toolchains/gen//m68k-elf/lib/libmd.a(string.o)
 .comment       0x0000000000000000       0x12 /opt/toolchains/gen//m68k-elf/lib/libmd.a(joy.o)
 .comment       0x0000000000000000       0x12 /opt/toolchains/gen//m68k-elf/lib/libmd.a(types.o)
 .comment       0x0000000000000000       0x12 main.o
 .comment       0x0000000000000000       0x12 /opt/toolchains/gen//m68k-elf/lib/libmd.a(maths3D.o)
 .comment       0x0000000000000000       0x12 /opt/toolchains/gen//m68k-elf/lib/libmd.a(tab_sin.o)

.debug_line     0x0000000000000000      0x1cd
 .debug_line    0x0000000000000000       0x6a /opt/toolchains/gen//m68k-elf/lib/gcc/m68k-elf/4.8.2/libgcc.a(_mulsi3.o)
 .debug_line    0x000000000000006a       0x83 /opt/toolchains/gen//m68k-elf/lib/gcc/m68k-elf/4.8.2/libgcc.a(_udivsi3.o)
 .debug_line    0x00000000000000ed       0x72 /opt/toolchains/gen//m68k-elf/lib/gcc/m68k-elf/4.8.2/libgcc.a(_divsi3.o)
 .debug_line    0x000000000000015f       0x6e /opt/toolchains/gen//m68k-elf/lib/gcc/m68k-elf/4.8.2/libgcc.a(_umodsi3.o)

.debug_info     0x0000000000000000      0x288
 .debug_info    0x0000000000000000       0xa2 /opt/toolchains/gen//m68k-elf/lib/gcc/m68k-elf/4.8.2/libgcc.a(_mulsi3.o)
 .debug_info    0x00000000000000a2       0xa2 /opt/toolchains/gen//m68k-elf/lib/gcc/m68k-elf/4.8.2/libgcc.a(_udivsi3.o)
 .debug_info    0x0000000000000144       0xa2 /opt/toolchains/gen//m68k-elf/lib/gcc/m68k-elf/4.8.2/libgcc.a(_divsi3.o)
 .debug_info    0x00000000000001e6       0xa2 /opt/toolchains/gen//m68k-elf/lib/gcc/m68k-elf/4.8.2/libgcc.a(_umodsi3.o)

.debug_abbrev   0x0000000000000000       0x50
 .debug_abbrev  0x0000000000000000       0x14 /opt/toolchains/gen//m68k-elf/lib/gcc/m68k-elf/4.8.2/libgcc.a(_mulsi3.o)
 .debug_abbrev  0x0000000000000014       0x14 /opt/toolchains/gen//m68k-elf/lib/gcc/m68k-elf/4.8.2/libgcc.a(_udivsi3.o)
 .debug_abbrev  0x0000000000000028       0x14 /opt/toolchains/gen//m68k-elf/lib/gcc/m68k-elf/4.8.2/libgcc.a(_divsi3.o)
 .debug_abbrev  0x000000000000003c       0x14 /opt/toolchains/gen//m68k-elf/lib/gcc/m68k-elf/4.8.2/libgcc.a(_umodsi3.o)

.debug_aranges  0x0000000000000000       0x80
 .debug_aranges
                0x0000000000000000       0x20 /opt/toolchains/gen//m68k-elf/lib/gcc/m68k-elf/4.8.2/libgcc.a(_mulsi3.o)
 .debug_aranges
                0x0000000000000020       0x20 /opt/toolchains/gen//m68k-elf/lib/gcc/m68k-elf/4.8.2/libgcc.a(_udivsi3.o)
 .debug_aranges
                0x0000000000000040       0x20 /opt/toolchains/gen//m68k-elf/lib/gcc/m68k-elf/4.8.2/libgcc.a(_divsi3.o)
 .debug_aranges
                0x0000000000000060       0x20 /opt/toolchains/gen//m68k-elf/lib/gcc/m68k-elf/4.8.2/libgcc.a(_umodsi3.o)
