Archive member included because of file (symbol)

/opt/toolchains/gen//m68k-elf/lib/libmd.a(sys.o)
                              boot/sega.o (registerState)
/opt/toolchains/gen//m68k-elf/lib/libmd.a(vdp.o)
                              /opt/toolchains/gen//m68k-elf/lib/libmd.a(sys.o) (VDP_init)
/opt/toolchains/gen//m68k-elf/lib/libmd.a(dma.o)
                              /opt/toolchains/gen//m68k-elf/lib/libmd.a(sys.o) (DMA_flushQueue)
/opt/toolchains/gen//m68k-elf/lib/libmd.a(tools.o)
                              /opt/toolchains/gen//m68k-elf/lib/libmd.a(vdp.o) (getFPS)
/opt/toolchains/gen//m68k-elf/lib/libmd.a(memory.o)
                              /opt/toolchains/gen//m68k-elf/lib/libmd.a(sys.o) (MEM_init)
/opt/toolchains/gen//m68k-elf/lib/libmd.a(timer.o)
                              /opt/toolchains/gen//m68k-elf/lib/libmd.a(tools.o) (getSubTick)
/opt/toolchains/gen//m68k-elf/lib/libmd.a(z80_ctrl.o)
                              /opt/toolchains/gen//m68k-elf/lib/libmd.a(sys.o) (Z80_init)
/opt/toolchains/gen//m68k-elf/lib/libmd.a(sound.o)
                              /opt/toolchains/gen//m68k-elf/lib/libmd.a(sys.o) (SND_set68KBUSProtection_XGM)
/opt/toolchains/gen//m68k-elf/lib/libmd.a(ym2612.o)
                              /opt/toolchains/gen//m68k-elf/lib/libmd.a(z80_ctrl.o) (YM2612_reset)
/opt/toolchains/gen//m68k-elf/lib/libmd.a(vdp_pal.o)
                              /opt/toolchains/gen//m68k-elf/lib/libmd.a(sys.o) (VDP_doStepFading)
/opt/toolchains/gen//m68k-elf/lib/libmd.a(psg.o)
                              /opt/toolchains/gen//m68k-elf/lib/libmd.a(sys.o) (PSG_init)
/opt/toolchains/gen//m68k-elf/lib/libmd.a(z80_vgm.o)
                              /opt/toolchains/gen//m68k-elf/lib/libmd.a(z80_ctrl.o) (z80_vgm)
/opt/toolchains/gen//m68k-elf/lib/libmd.a(vdp_tile.o)
                              /opt/toolchains/gen//m68k-elf/lib/libmd.a(vdp.o) (VDP_loadFont)
/opt/toolchains/gen//m68k-elf/lib/libmd.a(vdp_spr.o)
                              /opt/toolchains/gen//m68k-elf/lib/libmd.a(vdp.o) (VDP_resetSprites)
/opt/toolchains/gen//m68k-elf/lib/libmd.a(tab_cnv.o)
                              /opt/toolchains/gen//m68k-elf/lib/libmd.a(vdp_tile.o) (cnv_8to32_tab)
/opt/toolchains/gen//m68k-elf/lib/libmd.a(vdp_dma.o)
                              /opt/toolchains/gen//m68k-elf/lib/libmd.a(vdp_tile.o) (VDP_doDMA)
/opt/toolchains/gen//m68k-elf/lib/libmd.a(bmp.o)
                              /opt/toolchains/gen//m68k-elf/lib/libmd.a(sys.o) (BMP_doVBlankProcess)
/opt/toolchains/gen//m68k-elf/lib/libmd.a(tile_cache.o)
                              /opt/toolchains/gen//m68k-elf/lib/libmd.a(sys.o) (uploads)
/opt/toolchains/gen//m68k-elf/lib/libmd.a(vdp_bg.o)
                              /opt/toolchains/gen//m68k-elf/lib/libmd.a(vdp.o) (VDP_setVerticalScroll)
/opt/toolchains/gen//m68k-elf/lib/libmd.a(smp_null_pcm.o)
                              /opt/toolchains/gen//m68k-elf/lib/libmd.a(z80_ctrl.o) (smp_null_pcm)
/opt/toolchains/gen//m68k-elf/lib/libmd.a(vdp_tile_a.o)
                              /opt/toolchains/gen//m68k-elf/lib/libmd.a(vdp_tile.o) (VDP_loadTileData)
/opt/toolchains/gen//m68k-elf/lib/libmd.a(memory_a.o)
                              /opt/toolchains/gen//m68k-elf/lib/libmd.a(memory.o) (memset)
/opt/toolchains/gen//m68k-elf/lib/libmd.a(vdp_pal_a.o)
                              /opt/toolchains/gen//m68k-elf/lib/libmd.a(vdp_pal.o) (VDP_getPaletteColors)
/opt/toolchains/gen//m68k-elf/lib/libmd.a(sys_a.o)
                              /opt/toolchains/gen//m68k-elf/lib/libmd.a(timer.o) (SYS_getInterruptMaskLevel)
/opt/toolchains/gen//m68k-elf/lib/libmd.a(kdebug.o)
                              /opt/toolchains/gen//m68k-elf/lib/libmd.a(tools.o) (KDebug_Alert)
/opt/toolchains/gen//m68k-elf/lib/libmd.a(smp_null.o)
                              /opt/toolchains/gen//m68k-elf/lib/libmd.a(z80_ctrl.o) (smp_null)
/opt/toolchains/gen//m68k-elf/lib/libmd.a(bmp_a.o)
                              /opt/toolchains/gen//m68k-elf/lib/libmd.a(bmp.o) (clearBitmapBuffer)
/opt/toolchains/gen//m68k-elf/lib/libmd.a(tools_a.o)
                              /opt/toolchains/gen//m68k-elf/lib/libmd.a(tools.o) (aplib_unpack)
/opt/toolchains/gen//m68k-elf/lib/libmd.a(z80_drv1.o)
                              /opt/toolchains/gen//m68k-elf/lib/libmd.a(z80_ctrl.o) (z80_drv1)
/opt/toolchains/gen//m68k-elf/lib/libmd.a(z80_tfm.o)
                              /opt/toolchains/gen//m68k-elf/lib/libmd.a(z80_ctrl.o) (z80_tfm)
/opt/toolchains/gen//m68k-elf/lib/libmd.a(z80_drv2.o)
                              /opt/toolchains/gen//m68k-elf/lib/libmd.a(z80_ctrl.o) (z80_drv2)
/opt/toolchains/gen//m68k-elf/lib/libmd.a(z80_drv3.o)
                              /opt/toolchains/gen//m68k-elf/lib/libmd.a(z80_ctrl.o) (z80_drv3)
/opt/toolchains/gen//m68k-elf/lib/libmd.a(z80_xgm.o)
                              /opt/toolchains/gen//m68k-elf/lib/libmd.a(z80_ctrl.o) (z80_xgm)
/opt/toolchains/gen//m68k-elf/lib/libmd.a(z80_mvs.o)
                              /opt/toolchains/gen//m68k-elf/lib/libmd.a(z80_ctrl.o) (z80_mvs)
/opt/toolchains/gen//m68k-elf/lib/libmd.a(libres.o)
                              /opt/toolchains/gen//m68k-elf/lib/libmd.a(vdp.o) (font_lib)
/opt/toolchains/gen//m68k-elf/lib/libmd.a(tab_vol.o)
                              /opt/toolchains/gen//m68k-elf/lib/libmd.a(z80_ctrl.o) (tab_vol)
/opt/toolchains/gen//m68k-elf/lib/libmd.a(maths.o)
                              /opt/toolchains/gen//m68k-elf/lib/libmd.a(sys.o) (randbase)
/opt/toolchains/gen//m68k-elf/lib/libmd.a(string.o)
                              /opt/toolchains/gen//m68k-elf/lib/libmd.a(sys.o) (strlen)
/opt/toolchains/gen//m68k-elf/lib/libmd.a(joy.o)
                              /opt/toolchains/gen//m68k-elf/lib/libmd.a(sys.o) (JOY_init)
/opt/toolchains/gen//m68k-elf/lib/libmd.a(types.o)
                              /opt/toolchains/gen//m68k-elf/lib/libmd.a(z80_ctrl.o) (getZeroU8)
/opt/toolchains/gen//m68k-elf/lib/gcc/m68k-elf/4.8.2/libgcc.a(_mulsi3.o)
                              /opt/toolchains/gen//m68k-elf/lib/libmd.a(tools.o) (__mulsi3)
/opt/toolchains/gen//m68k-elf/lib/gcc/m68k-elf/4.8.2/libgcc.a(_udivsi3.o)
                              /opt/toolchains/gen//m68k-elf/lib/libmd.a(tools.o) (__udivsi3)
/opt/toolchains/gen//m68k-elf/lib/gcc/m68k-elf/4.8.2/libgcc.a(_divsi3.o)
                              /opt/toolchains/gen//m68k-elf/lib/libmd.a(vdp_pal.o) (__divsi3)
/opt/toolchains/gen//m68k-elf/lib/gcc/m68k-elf/4.8.2/libgcc.a(_umodsi3.o)
                              /opt/toolchains/gen//m68k-elf/lib/libmd.a(string.o) (__umodsi3)

Allocating common symbols
Common symbol       size              file

illegalInstCB       0x4               /opt/toolchains/gen//m68k-elf/lib/libmd.a(sys.o)
slist_adr           0x2               /opt/toolchains/gen//m68k-elf/lib/libmd.a(vdp.o)
errorExceptionCB    0x4               /opt/toolchains/gen//m68k-elf/lib/libmd.a(sys.o)
trapvInstCB         0x4               /opt/toolchains/gen//m68k-elf/lib/libmd.a(sys.o)
vtimer              0x4               /opt/toolchains/gen//m68k-elf/lib/libmd.a(timer.o)
driverFlags         0x2               /opt/toolchains/gen//m68k-elf/lib/libmd.a(z80_ctrl.o)
dmaQueues           0x200             /opt/toolchains/gen//m68k-elf/lib/libmd.a(dma.o)
chkInstCB           0x4               /opt/toolchains/gen//m68k-elf/lib/libmd.a(sys.o)
registerState       0x40              /opt/toolchains/gen//m68k-elf/lib/libmd.a(sys.o)
text_basetile       0x2               /opt/toolchains/gen//m68k-elf/lib/libmd.a(vdp_bg.o)
bmp_buffer_write    0x4               /opt/toolchains/gen//m68k-elf/lib/libmd.a(bmp.o)
srState             0x2               /opt/toolchains/gen//m68k-elf/lib/libmd.a(sys.o)
line1x1xCB          0x4               /opt/toolchains/gen//m68k-elf/lib/libmd.a(sys.o)
randbase            0x2               /opt/toolchains/gen//m68k-elf/lib/libmd.a(maths.o)
ext2State           0x2               /opt/toolchains/gen//m68k-elf/lib/libmd.a(sys.o)
traceCB             0x4               /opt/toolchains/gen//m68k-elf/lib/libmd.a(sys.o)
intTrace            0x2               /opt/toolchains/gen//m68k-elf/lib/libmd.a(sys.o)
zeroDivideCB        0x4               /opt/toolchains/gen//m68k-elf/lib/libmd.a(sys.o)
curTileInd          0x2               /opt/toolchains/gen//m68k-elf/lib/libmd.a(vdp_bg.o)
hscrl_adr           0x2               /opt/toolchains/gen//m68k-elf/lib/libmd.a(vdp.o)
internalExtIntCB    0x4               /opt/toolchains/gen//m68k-elf/lib/libmd.a(sys.o)
spriteNum           0x2               /opt/toolchains/gen//m68k-elf/lib/libmd.a(vdp_spr.o)
text_plan           0x4               /opt/toolchains/gen//m68k-elf/lib/libmd.a(vdp_bg.o)
screenHeight        0x2               /opt/toolchains/gen//m68k-elf/lib/libmd.a(vdp.o)
internalVIntCB      0x4               /opt/toolchains/gen//m68k-elf/lib/libmd.a(sys.o)
intCB               0x4               /opt/toolchains/gen//m68k-elf/lib/libmd.a(sys.o)
screenWidth         0x2               /opt/toolchains/gen//m68k-elf/lib/libmd.a(vdp.o)
addressErrorCB      0x4               /opt/toolchains/gen//m68k-elf/lib/libmd.a(sys.o)
bmp_buffer_read     0x4               /opt/toolchains/gen//m68k-elf/lib/libmd.a(bmp.o)
VIntProcess         0x4               /opt/toolchains/gen//m68k-elf/lib/libmd.a(sys.o)
currentDriver       0x2               /opt/toolchains/gen//m68k-elf/lib/libmd.a(z80_ctrl.o)
vdpSpriteCache      0x280             /opt/toolchains/gen//m68k-elf/lib/libmd.a(vdp_spr.o)
uploads             0x4               /opt/toolchains/gen//m68k-elf/lib/libmd.a(tile_cache.o)
ExtIntProcess       0x4               /opt/toolchains/gen//m68k-elf/lib/libmd.a(sys.o)
aplan_adr           0x2               /opt/toolchains/gen//m68k-elf/lib/libmd.a(vdp.o)
bplan_adr           0x2               /opt/toolchains/gen//m68k-elf/lib/libmd.a(vdp.o)
HIntProcess         0x4               /opt/toolchains/gen//m68k-elf/lib/libmd.a(sys.o)
privilegeViolationCB
                    0x4               /opt/toolchains/gen//m68k-elf/lib/libmd.a(sys.o)
pcState             0x4               /opt/toolchains/gen//m68k-elf/lib/libmd.a(sys.o)
ext1State           0x2               /opt/toolchains/gen//m68k-elf/lib/libmd.a(sys.o)
busErrorCB          0x4               /opt/toolchains/gen//m68k-elf/lib/libmd.a(sys.o)
internalHIntCB      0x4               /opt/toolchains/gen//m68k-elf/lib/libmd.a(sys.o)
window_adr          0x2               /opt/toolchains/gen//m68k-elf/lib/libmd.a(vdp.o)
addrState           0x4               /opt/toolchains/gen//m68k-elf/lib/libmd.a(sys.o)

Memory Configuration

Name             Origin             Length             Attributes
rom              0x0000000000000000 0x0000000000a00000
ram              0x0000000000ff0000 0x0000000000010000
*default*        0x0000000000000000 0xffffffffffffffff

Linker script and memory map

                0x0000000000000000                __DYNAMIC = 0x0
                0x0000000001000000                PROVIDE (__stack, 0x1000000)

.text           0x0000000000000000   0x10722c
 *(.text.keepboot)
 .text.keepboot
                0x0000000000000000      0x5f4 boot/sega.o
 *(.text.*)
 .text.startup  0x00000000000005f4      0x228 main.o
                0x00000000000005f4                main
 *(.text)
 .text          0x000000000000081c        0x0 boot/sega.o
 .text          0x000000000000081c      0x9d8 /opt/toolchains/gen//m68k-elf/lib/libmd.a(sys.o)
                0x000000000000081c                _trace_callback
                0x000000000000081e                _line1x1x_callback
                0x0000000000000820                _int_callback
                0x0000000000000822                _extint_callback
                0x0000000000000c10                _buserror_callback
                0x0000000000000c38                _addresserror_callback
                0x0000000000000cec                _illegalinst_callback
                0x0000000000000d14                _chkinst_callback
                0x0000000000000d3c                _trapvinst_callback
                0x0000000000000d64                _vint_callback
                0x0000000000000e62                _hint_callback
                0x0000000000000f98                _zerodivide_callback
                0x0000000000000fc0                _privilegeviolation_callback
                0x0000000000000fe8                _errorexception_callback
                0x0000000000001010                _start_entry
                0x00000000000010c4                _reset_entry
                0x00000000000010d4                SYS_disableInts
                0x0000000000001104                SYS_enableInts
                0x0000000000001130                SYS_setVIntPreCallback
                0x000000000000113a                SYS_setVIntCallback
                0x0000000000001144                SYS_setHIntCallback
                0x000000000000114e                SYS_setExtIntCallback
                0x0000000000001158                SYS_isInVIntCallback
                0x0000000000001164                SYS_isInHIntCallback
                0x0000000000001170                SYS_isInExtIntCallback
                0x000000000000117c                SYS_isInInterrupt
                0x0000000000001184                SYS_isNTSC
                0x0000000000001194                SYS_isPAL
                0x00000000000011a0                SYS_die
 .text          0x00000000000011f4      0x886 /opt/toolchains/gen//m68k-elf/lib/libmd.a(vdp.o)
                0x00000000000011f4                VDP_getReg
                0x0000000000001214                VDP_setReg
                0x000000000000136c                VDP_getEnable
                0x0000000000001378                VDP_setEnable
                0x00000000000013a4                VDP_getScanlineNumber
                0x00000000000013ba                VDP_getScreenHeight
                0x00000000000013c2                VDP_setScreenHeight224
                0x00000000000013e8                VDP_setScreenHeight240
                0x000000000000141a                VDP_getScreenWidth
                0x0000000000001422                VDP_setScreenWidth256
                0x0000000000001448                VDP_setScreenWidth320
                0x000000000000146e                VDP_getPlanWidth
                0x0000000000001482                VDP_getPlanHeight
                0x0000000000001494                VDP_setPlanSize
                0x00000000000014c8                VDP_getVerticalScrollingMode
                0x00000000000014d6                VDP_getHorizontalScrollingMode
                0x00000000000014e2                VDP_setScrollingMode
                0x0000000000001514                VDP_getBackgroundColor
                0x000000000000151c                VDP_setBackgroundColor
                0x000000000000153a                VDP_getAutoInc
                0x0000000000001542                VDP_setAutoInc
                0x000000000000155c                VDP_setHInterrupt
                0x0000000000001588                VDP_setHilightShadow
                0x00000000000015b4                VDP_getHIntCounter
                0x00000000000015bc                VDP_setHIntCounter
                0x00000000000015d6                VDP_getAPlanAddress
                0x00000000000015de                VDP_getBPlanAddress
                0x00000000000015e6                VDP_getWindowAddress
                0x00000000000015ee                VDP_getWindowPlanAddress
                0x00000000000015f6                VDP_getSpriteListAddress
                0x00000000000015fe                VDP_getHScrollTableAddress
                0x0000000000001606                VDP_setAPlanAddress
                0x000000000000162a                VDP_setWindowAddress
                0x000000000000166c                VDP_setWindowPlanAddress
                0x000000000000167c                VDP_setBPlanAddress
                0x00000000000016a0                VDP_setSpriteListAddress
                0x00000000000016e2                VDP_setHScrollTableAddress
                0x0000000000001708                VDP_setScanMode
                0x0000000000001750                VDP_waitDMACompletion
                0x000000000000175e                VDP_init
                0x0000000000001960                VDP_waitFIFOEmpty
                0x000000000000196e                VDP_waitVSync
                0x0000000000001988                VDP_resetScreen
                0x00000000000019fc                VDP_showFPS
 *fill*         0x0000000000001a7a        0x2 
 .text          0x0000000000001a7c      0x5a8 /opt/toolchains/gen//m68k-elf/lib/libmd.a(dma.o)
                0x0000000000001a7c                DMA_getAutoFlush
                0x0000000000001a84                DMA_setAutoFlush
                0x0000000000001aaa                DMA_getMaxTransferSize
                0x0000000000001ab2                DMA_setMaxTransferSize
                0x0000000000001abc                DMA_clearQueue
                0x0000000000001ad6                DMA_flushQueue
                0x0000000000001b9a                DMA_getQueueSize
                0x0000000000001ba2                DMA_getQueueTransferSize
                0x0000000000001baa                DMA_queueDma
                0x0000000000001d94                DMA_waitCompletion
                0x0000000000001da2                DMA_doDma
                0x0000000000001ef2                DMA_doVRamFill
                0x0000000000001f9e                DMA_doVRamCopy
 .text          0x0000000000002024     0x1860 /opt/toolchains/gen//m68k-elf/lib/libmd.a(tools.o)
                0x0000000000002024                getFPS
                0x000000000000208c                getFPS_f
                0x000000000000210e                KLog
                0x0000000000002132                KLog_U1
                0x000000000000217e                KLog_U2
                0x00000000000021ec                KLog_U3
                0x0000000000002278                KLog_U4
                0x0000000000002320                KLog_U1x
                0x0000000000002370                KLog_U2x
                0x00000000000023e0                KLog_U3x
                0x000000000000246c                KLog_U4x
                0x0000000000002512                KLog_S1
                0x000000000000255e                KLog_S2
                0x00000000000025cc                KLog_S3
                0x0000000000002658                KLog_S4
                0x0000000000002700                KLog_S1x
                0x0000000000002750                KLog_S2x
                0x00000000000027c0                KLog_S3x
                0x000000000000284c                KLog_S4x
                0x00000000000028f2                KLog_f1
                0x0000000000002942                KLog_f2
                0x00000000000029b8                KLog_f3
                0x0000000000002a50                KLog_f4
                0x0000000000002b08                KLog_f1x
                0x0000000000002b5c                KLog_f2x
                0x0000000000002bd4                KLog_f3x
                0x0000000000002c6c                KLog_f4x
                0x0000000000002d22                KLog_F1
                0x0000000000002d6e                KLog_F2
                0x0000000000002ddc                KLog_F3
                0x0000000000002e68                KLog_F4
                0x0000000000002f10                KLog_F1x
                0x0000000000002f60                KLog_F2x
                0x0000000000002fd0                KLog_F3x
                0x000000000000305c                KLog_F4x
                0x0000000000003102                allocateBitmap
                0x0000000000003162                allocateBitmapEx
                0x00000000000031a4                allocateTileSet
                0x00000000000031ee                allocateTileSetEx
                0x000000000000321a                allocateMap
                0x0000000000003264                allocateMapEx
                0x000000000000328e                allocateImage
                0x0000000000003352                rle4b_unpack
                0x00000000000033ac                rlemap_unpack
                0x0000000000003444                unpackEx
                0x00000000000034f2                getTileSet
                0x0000000000003540                unpack
                0x000000000000355e                unpackBitmap
                0x00000000000035f0                unpackTileSet
                0x0000000000003662                unpackMap
                0x00000000000036d8                unpackImage
                0x000000000000372e                rle4b_unpackVRam
                0x00000000000037ba                uftc_unpack_old
 .text          0x0000000000003884      0x236 /opt/toolchains/gen//m68k-elf/lib/libmd.a(memory.o)
                0x0000000000003884                MEM_init
                0x00000000000038ac                MEM_getFree
                0x00000000000038d6                MEM_free
                0x00000000000038e8                MEM_alloc
                0x00000000000039c6                memcpyU16
                0x00000000000039e4                memcpyU32
                0x0000000000003a04                fastMemset
                0x0000000000003a24                fastMemsetU16
                0x0000000000003a44                fastMemsetU32
                0x0000000000003a60                fastMemcpy
                0x0000000000003a7c                fastMemcpyU16
                0x0000000000003a9a                fastMemcpyU32
 *fill*         0x0000000000003aba        0x2 
 .text          0x0000000000003abc      0x1d4 /opt/toolchains/gen//m68k-elf/lib/libmd.a(timer.o)
                0x0000000000003abc                getSubTick
                0x0000000000003b0e                getTick
                0x0000000000003b3a                getTime
                0x0000000000003b5c                getTimeAsFix32
                0x0000000000003b70                startTimer
                0x0000000000003b92                getTimer
                0x0000000000003bd6                waitSubTick
                0x0000000000003c1e                waitTick
                0x0000000000003c60                waitMs
 .text          0x0000000000003c90      0x5f2 /opt/toolchains/gen//m68k-elf/lib/libmd.a(z80_ctrl.o)
                0x0000000000003c90                Z80_isBusTaken
                0x0000000000003ca2                Z80_requestBus
                0x0000000000003cc8                Z80_releaseBus
                0x0000000000003cd2                Z80_startReset
                0x0000000000003cdc                Z80_endReset
                0x0000000000003ce6                Z80_setBank
                0x0000000000003cfa                Z80_init
                0x0000000000003d18                Z80_read
                0x0000000000003d2a                Z80_write
                0x0000000000003d3e                Z80_clear
                0x0000000000003db6                Z80_upload
                0x0000000000003e2a                Z80_download
                0x0000000000003e82                Z80_getLoadedDriver
                0x0000000000003e8a                Z80_unloadDriver
                0x0000000000003ebc                Z80_loadCustomDriver
                0x0000000000003f00                Z80_isDriverReady
                0x0000000000003f36                Z80_loadDriver
 *fill*         0x0000000000004282        0x2 
 .text          0x0000000000004284      0xf5c /opt/toolchains/gen//m68k-elf/lib/libmd.a(sound.o)
                0x0000000000004284                SND_isPlaying_PCM
                0x00000000000042b8                SND_startPlay_PCM
                0x000000000000435c                SND_stopPlay_PCM
                0x00000000000043c6                SND_isPlaying_2ADPCM
                0x00000000000043fc                SND_startPlay_2ADPCM
                0x00000000000044bc                SND_stopPlay_2ADPCM
                0x0000000000004536                SND_isPlaying_4PCM_ENV
                0x000000000000456c                SND_startPlay_4PCM_ENV
                0x0000000000004646                SND_stopPlay_4PCM_ENV
                0x00000000000046c0                SND_setVolume_4PCM_ENV
                0x0000000000004708                SND_getVolume_4PCM_ENV
                0x000000000000474a                SND_isPlaying_MVS
                0x000000000000477c                SND_startPlay_MVS
                0x00000000000047e6                SND_stopPlay_MVS
                0x0000000000004818                SND_setTempo_MVS
                0x0000000000004848                SND_startDAC_MVS
                0x00000000000048aa                SND_stopDAC_MVS
                0x00000000000048d4                SND_isPlayingPSG_MVS
                0x0000000000004902                SND_startPSG_MVS
                0x000000000000494e                SND_stopPSG_MVS
                0x0000000000004978                SND_enablePSG_MVS
                0x00000000000049b8                SND_disablePSG_MVS
                0x00000000000049f8                SND_startPlay_TFM
                0x0000000000004a6c                SND_stopPlay_TFM
                0x0000000000004a74                SND_stopPlay_VGM
                0x0000000000004aa0                SND_resumePlay_VGM
                0x0000000000004acc                SND_isPlaying_VGM
                0x0000000000004afc                SND_startPlay_VGM
                0x0000000000004b78                SND_playSfx_VGM
                0x0000000000004bda                SND_isPlaying_XGM
                0x0000000000004c0e                SND_startPlay_XGM
                0x0000000000004d26                SND_stopPlay_XGM
                0x0000000000004d8e                SND_pausePlay_XGM
                0x0000000000004dc0                SND_resumePlay_XGM
                0x0000000000004dfa                SND_isPlayingPCM_XGM
                0x0000000000004e30                SND_setPCMFast_XGM
                0x0000000000004e6e                SND_setPCM_XGM
                0x0000000000004eae                SND_startPlayPCM_XGM
                0x0000000000004f10                SND_stopPlayPCM_XGM
                0x0000000000004f66                SND_set68KBUSProtection_XGM
                0x0000000000004f8e                SND_nextXFrame_XGM
                0x0000000000004fd6                SND_getManualSync_XGM
                0x0000000000004fe2                SND_setManualSync_XGM
                0x0000000000005028                SND_getForceDelayDMA_XGM
                0x0000000000005034                SND_setForceDelayDMA_XGM
                0x000000000000505a                SND_getMusicTempo_XGM
                0x0000000000005062                SND_setMusicTempo_XGM
                0x000000000000508a                SND_getCPULoad_XGM
                0x000000000000514a                XGM_resetLoadCalculation
                0x0000000000005178                XGM_doVBlankProcess
 .text          0x00000000000051e0      0x1f2 /opt/toolchains/gen//m68k-elf/lib/libmd.a(ym2612.o)
                0x00000000000051e0                YM2612_read
                0x00000000000051fa                YM2612_write
                0x000000000000521e                YM2612_reset
                0x0000000000005308                YM2612_writeSafe
                0x0000000000005320                YM2612_writeReg
                0x0000000000005372                YM2612_writeRegSafe
                0x0000000000005394                YM2612_enableDAC
                0x00000000000053b4                YM2612_disableDAC
 *fill*         0x00000000000053d2        0x2 
 .text          0x00000000000053d4      0x618 /opt/toolchains/gen//m68k-elf/lib/libmd.a(vdp_pal.o)
                0x000000000000548c                VDP_getPaletteColor
                0x00000000000054c0                VDP_setPaletteColor
                0x00000000000054fe                VDP_doStepFading
                0x00000000000055d8                VDP_initFading
                0x0000000000005704                VDP_interruptFade
                0x0000000000005716                VDP_fade
                0x0000000000005786                VDP_fadeTo
                0x00000000000057e6                VDP_fadeOut
                0x0000000000005816                VDP_fadeIn
                0x000000000000584a                VDP_fadePal
                0x0000000000005886                VDP_fadePalTo
                0x00000000000058be                VDP_fadePalOut
                0x00000000000058f8                VDP_fadePalIn
                0x0000000000005936                VDP_fadeAll
                0x000000000000595e                VDP_fadeAllTo
                0x0000000000005982                VDP_fadeOutAll
                0x00000000000059a8                VDP_fadeInAll
                0x00000000000059d2                VDP_isDoingFade
                0x00000000000059de                VDP_waitFadeCompletion
 .text          0x00000000000059ec      0x114 /opt/toolchains/gen//m68k-elf/lib/libmd.a(psg.o)
                0x00000000000059ec                PSG_init
                0x0000000000005a18                PSG_write
                0x0000000000005a22                PSG_setEnvelope
                0x0000000000005a42                PSG_setTone
                0x0000000000005a72                PSG_setFrequency
                0x0000000000005ad8                PSG_setNoise
 .text          0x0000000000005b00        0x0 /opt/toolchains/gen//m68k-elf/lib/libmd.a(z80_vgm.o)
 .text          0x0000000000005b00      0xb94 /opt/toolchains/gen//m68k-elf/lib/libmd.a(vdp_tile.o)
                0x0000000000005b00                VDP_loadTileSet
                0x0000000000005baa                VDP_loadFontData
                0x0000000000005bda                VDP_loadFont
                0x0000000000005c00                VDP_loadBMPTileDataEx
                0x0000000000005c54                VDP_fillTileData
                0x0000000000005d0e                VDP_setTileMap
                0x0000000000005d4c                VDP_setTileMapXY
                0x0000000000005db2                VDP_fillTileMap
                0x0000000000005e4e                VDP_fillTileMapRectByIndex
                0x0000000000005e78                VDP_fillTileMapRect
                0x0000000000005f1e                VDP_clearTileMap
                0x0000000000005f72                VDP_clearTileMapRectByIndex
                0x0000000000005f9c                VDP_clearTileMapRect
                0x0000000000005fd0                VDP_fillTileMapInc
                0x000000000000609a                VDP_fillTileMapRectIncByIndex
                0x00000000000060c4                VDP_fillTileMapRectInc
                0x0000000000006170                VDP_setTileMapData
                0x0000000000006254                VDP_setTileMapRectByIndex
                0x0000000000006282                VDP_setTileMapDataRect
                0x000000000000633a                VDP_setTileMapDataEx
                0x000000000000642c                VDP_setTileMapRectExByIndex
                0x000000000000645e                VDP_setTileMapDataRectEx
                0x0000000000006544                VDP_setTileMapRectEx
                0x0000000000006588                VDP_setMapEx
                0x0000000000006650                VDP_setMap
 .text          0x0000000000006694      0x3ec /opt/toolchains/gen//m68k-elf/lib/libmd.a(vdp_spr.o)
                0x0000000000006694                VDP_resetSprites
                0x00000000000066ac                VDP_resetSpritesDirect
                0x00000000000066ee                VDP_setSprite
                0x000000000000674a                VDP_setSpriteP
                0x0000000000006796                VDP_setSpriteDirect
                0x0000000000006818                VDP_setSpriteDirectP
                0x000000000000689a                VDP_setSpritePosition
                0x00000000000068da                VDP_setSpritesDirect
                0x000000000000696c                VDP_setSprites
                0x00000000000069de                VDP_updateSprites
 .text          0x0000000000006a80        0x0 /opt/toolchains/gen//m68k-elf/lib/libmd.a(tab_cnv.o)
 .text          0x0000000000006a80      0x266 /opt/toolchains/gen//m68k-elf/lib/libmd.a(vdp_dma.o)
                0x0000000000006a80                VDP_doDMAEx
                0x0000000000006bd0                VDP_doDMA
                0x0000000000006bfa                VDP_doVRamDMAFill
                0x0000000000006c6e                VDP_doVRamDMACopy
 *fill*         0x0000000000006ce6        0x2 
 .text          0x0000000000006ce8     0x111e /opt/toolchains/gen//m68k-elf/lib/libmd.a(bmp.o)
                0x0000000000006e3c                BMP_end
                0x0000000000006ea0                BMP_hasFlipRequestPending
                0x0000000000006eae                BMP_waitWhileFlipRequestPending
                0x0000000000006ebe                BMP_hasFlipInProgess
                0x0000000000006eca                BMP_waitFlipComplete
                0x0000000000006eda                BMP_flip
                0x0000000000006f2e                BMP_drawText
                0x0000000000006f8c                BMP_clearText
                0x0000000000006fe8                BMP_clearTextLine
                0x0000000000007028                BMP_showFPS
                0x00000000000070fa                BMP_clear
                0x000000000000710a                BMP_reset
                0x000000000000722c                BMP_init
                0x000000000000726a                BMP_getWritePointer
                0x0000000000007290                BMP_getReadPointer
                0x00000000000072b6                BMP_getPixel
                0x00000000000072ee                BMP_setPixel
                0x0000000000007326                BMP_setPixels_V2D
                0x0000000000007376                BMP_setPixels
                0x00000000000073d0                BMP_drawBitmapData
                0x0000000000007472                BMP_drawBitmap
                0x0000000000007546                BMP_loadBitmapData
                0x0000000000007578                BMP_loadBitmap
                0x000000000000759e                BMP_getBitmapPalette
                0x00000000000075ba                BMP_scale
                0x0000000000007694                BMP_drawBitmapScaled
                0x000000000000779e                BMP_loadAndScaleBitmap
                0x00000000000077d4                BMP_doVBlankProcess
                0x00000000000077dc                BMP_doHBlankProcess
 *fill*         0x0000000000007e06        0x2 
 .text          0x0000000000007e08      0x65c /opt/toolchains/gen//m68k-elf/lib/libmd.a(tile_cache.o)
                0x0000000000007ea8                TC_init
                0x0000000000007ee0                TC_end
                0x0000000000007f42                TC_createCacheEx
                0x0000000000007f88                TC_createCache
                0x0000000000007faa                TC_releaseCache
                0x0000000000007fbc                TC_clearCache
                0x0000000000007fce                TC_flushCache
                0x0000000000007fd8                TC_alloc
                0x00000000000082c2                TC_reAlloc
                0x000000000000834e                TC_free
                0x00000000000083c8                TC_getTileIndex
                0x0000000000008416                TC_uploadAtVBlank
                0x000000000000844a                TC_doVBlankProcess
 .text          0x0000000000008464      0x80c /opt/toolchains/gen//m68k-elf/lib/libmd.a(vdp_bg.o)
                0x0000000000008464                VDP_setHorizontalScroll
                0x00000000000084b0                VDP_setHorizontalScrollTile
                0x0000000000008556                VDP_setHorizontalScrollLine
                0x00000000000085fc                VDP_setVerticalScroll
                0x000000000000863a                VDP_setVerticalScrollTile
                0x00000000000086d0                VDP_clearPlan
                0x0000000000008786                VDP_getTextPlan
                0x00000000000087a2                VDP_getTextPalette
                0x00000000000087b2                VDP_getTextPriority
                0x00000000000087be                VDP_setTextPlan
                0x00000000000087e2                VDP_setTextPalette
                0x0000000000008802                VDP_setTextPriority
                0x0000000000008820                VDP_drawTextBG
                0x00000000000088cc                VDP_clearTextBG
                0x00000000000088fe                VDP_clearTextLineBG
                0x0000000000008934                VDP_drawText
                0x0000000000008968                VDP_clearText
                0x0000000000008996                VDP_clearTextLine
                0x00000000000089b2                VDP_drawBitmapEx
                0x0000000000008ac2                VDP_drawBitmap
                0x0000000000008b4a                VDP_drawImageEx
                0x0000000000008bf2                VDP_drawImage
 *fill*         0x0000000000008c70       0x90 
 .text          0x0000000000008d00       0x80 /opt/toolchains/gen//m68k-elf/lib/libmd.a(smp_null_pcm.o)
                0x0000000000008d00                smp_null_pcm
 .text          0x0000000000008d80      0x102 /opt/toolchains/gen//m68k-elf/lib/libmd.a(vdp_tile_a.o)
                0x0000000000008d80                VDP_loadTileData
                0x0000000000008dfc                VDP_loadBMPTileData
 *fill*         0x0000000000008e82        0x2 
 .text          0x0000000000008e84      0x1b8 /opt/toolchains/gen//m68k-elf/lib/libmd.a(memory_a.o)
                0x0000000000008e84                memset
                0x0000000000008efc                memsetU16
                0x0000000000008f5a                memsetU32
                0x0000000000008f98                memcpy
 .text          0x000000000000903c      0x15c /opt/toolchains/gen//m68k-elf/lib/libmd.a(vdp_pal_a.o)
                0x000000000000903c                VDP_getPaletteColors
                0x00000000000090a2                VDP_setPaletteColors
                0x0000000000009108                VDP_getPalette
                0x0000000000009150                VDP_setPalette
 .text          0x0000000000009198       0x48 /opt/toolchains/gen//m68k-elf/lib/libmd.a(sys_a.o)
                0x0000000000009198                SYS_assertReset
                0x000000000000919c                SYS_reset
                0x00000000000091aa                SYS_getInterruptMaskLevel
                0x00000000000091b4                SYS_setInterruptMaskLevel
                0x00000000000091c6                SYS_getAndSetInterruptMaskLevel
 .text          0x00000000000091e0       0x88 /opt/toolchains/gen//m68k-elf/lib/libmd.a(kdebug.o)
                0x00000000000091e0                KDebug_Halt
                0x00000000000091ea                KDebug_Alert
                0x0000000000009206                KDebug_AlertNumber
                0x0000000000009254                KDebug_StartTimer
                0x000000000000925e                KDebug_StopTimer
 *fill*         0x0000000000009268       0x98 
 .text          0x0000000000009300      0x100 /opt/toolchains/gen//m68k-elf/lib/libmd.a(smp_null.o)
                0x0000000000009300                smp_null
 .text          0x0000000000009400     0x13f8 /opt/toolchains/gen//m68k-elf/lib/libmd.a(bmp_a.o)
                0x0000000000009400                clearBitmapBuffer
                0x0000000000009542                BMP_clipLine
                0x000000000000955e                BMP_drawLine
                0x00000000000095ce                BMP_isPolygonCulled
                0x0000000000009efc                BMP_drawPolygon
 .text          0x000000000000a7f8      0x10a /opt/toolchains/gen//m68k-elf/lib/libmd.a(tools_a.o)
                0x000000000000a7f8                aplib_unpack
                0x000000000000a7fe                aplib_decrunch
                0x000000000000a8a0                uftc_unpack
 *fill*         0x000000000000a902        0x2 
 .text          0x000000000000a904      0xb26 /opt/toolchains/gen//m68k-elf/lib/libmd.a(z80_drv1.o)
                0x000000000000a904                z80_drv1
 *fill*         0x000000000000b42a        0x2 
 .text          0x000000000000b42c      0x69e /opt/toolchains/gen//m68k-elf/lib/libmd.a(z80_tfm.o)
                0x000000000000b42c                z80_tfm
 *fill*         0x000000000000baca        0x2 
 .text          0x000000000000bacc      0xe00 /opt/toolchains/gen//m68k-elf/lib/libmd.a(z80_drv2.o)
                0x000000000000bacc                z80_drv2
 .text          0x000000000000c8cc      0xa64 /opt/toolchains/gen//m68k-elf/lib/libmd.a(z80_drv3.o)
                0x000000000000c8cc                z80_drv3
 .text          0x000000000000d330     0x1700 /opt/toolchains/gen//m68k-elf/lib/libmd.a(z80_xgm.o)
                0x000000000000d330                z80_xgm
 .text          0x000000000000ea30      0xa5c /opt/toolchains/gen//m68k-elf/lib/libmd.a(z80_mvs.o)
                0x000000000000ea30                z80_mvs
 .text          0x000000000000f48c        0x0 /opt/toolchains/gen//m68k-elf/lib/libmd.a(libres.o)
 .text          0x000000000000f48c        0x0 /opt/toolchains/gen//m68k-elf/lib/libmd.a(tab_vol.o)
 .text          0x000000000000f48c      0x656 /opt/toolchains/gen//m68k-elf/lib/libmd.a(maths.o)
                0x000000000000f48c                random
                0x000000000000f4ac                intToBCD
                0x000000000000f540                distance_approx
                0x000000000000f592                Partition_u8
                0x000000000000f614                QSort_u8
                0x000000000000f662                Partition_s8
                0x000000000000f6e4                QSort_s8
                0x000000000000f732                Partition_u16
                0x000000000000f7c2                QSort_u16
                0x000000000000f810                Partition_s16
                0x000000000000f8a0                QSort_s16
                0x000000000000f8ee                Partition_u32
                0x000000000000f99a                QSort_u32
                0x000000000000f9e8                Partition_s32
                0x000000000000fa94                QSort_s32
 *fill*         0x000000000000fae2        0x2 
 .text          0x000000000000fae4      0x8d2 /opt/toolchains/gen//m68k-elf/lib/libmd.a(string.o)
                0x000000000000fae4                strlen
                0x000000000000fbd0                strnlen
                0x000000000000fc0e                strcmp
                0x000000000000fc2e                strclr
                0x000000000000fc38                strcpy
                0x000000000000fc4a                strcat
                0x000000000000fc64                strreplace
                0x000000000000fc88                intToStr
                0x000000000000fcb6                uintToStr
                0x000000000000fcd2                intToHex
                0x000000000000fd86                fix32ToStr
                0x000000000000fe06                fix16ToStr
                0x000000000000fe80                sprintf
 *fill*         0x00000000000103b6        0x2 
 .text          0x00000000000103b8     0x1804 /opt/toolchains/gen//m68k-elf/lib/libmd.a(joy.o)
                0x0000000000010e50                JOY_setEventHandler
                0x0000000000010e5a                JOY_setSupport
                0x0000000000011292                JOY_init
                0x00000000000115d2                JOY_getPortType
                0x00000000000115f2                JOY_getJoypadType
                0x0000000000011612                JOY_readJoypad
                0x0000000000011662                JOY_readJoypadX
                0x0000000000011684                JOY_readJoypadY
                0x00000000000116a6                JOY_update
                0x0000000000011ac8                JOY_waitPressTime
                0x0000000000011b6e                JOY_waitPressBtn
                0x0000000000011b84                JOY_waitPressBtnTime
                0x0000000000011ba0                JOY_waitPress
 .text          0x0000000000011bbc        0xc /opt/toolchains/gen//m68k-elf/lib/libmd.a(types.o)
                0x0000000000011bbc                getZeroU8
                0x0000000000011bc0                getZeroU16
                0x0000000000011bc4                getZeroU32
 .text          0x0000000000011bc8       0x22 /opt/toolchains/gen//m68k-elf/lib/gcc/m68k-elf/4.8.2/libgcc.a(_mulsi3.o)
                0x0000000000011bc8                __mulsi3
 *fill*         0x0000000000011bea        0x2 
 .text          0x0000000000011bec       0x5c /opt/toolchains/gen//m68k-elf/lib/gcc/m68k-elf/4.8.2/libgcc.a(_udivsi3.o)
                0x0000000000011bec                __udivsi3
 .text          0x0000000000011c48       0x2e /opt/toolchains/gen//m68k-elf/lib/gcc/m68k-elf/4.8.2/libgcc.a(_divsi3.o)
                0x0000000000011c48                __divsi3
 *fill*         0x0000000000011c76        0x2 
 .text          0x0000000000011c78       0x2e /opt/toolchains/gen//m68k-elf/lib/gcc/m68k-elf/4.8.2/libgcc.a(_umodsi3.o)
                0x0000000000011c78                __umodsi3
 *fill*         0x0000000000011ca6       0x5a 
 .text          0x0000000000011d00    0xeafba res/music.o
                0x0000000000011d00                music
 *fill*         0x00000000000fccba        0x2 
 .text          0x00000000000fccbc        0x0 res/resources.o
 .text          0x00000000000fccbc       0x5c helpers.o
                0x00000000000fccbc                VDP_SetScrollMode
                0x00000000000fccda                SOUND_GetTime
 .text          0x00000000000fcd18        0x0 main.o
                0x00000000000fcd18                . = ALIGN (0x4)
                0x00000000000fcd18                __CTOR_LIST__ = .
                0x00000000000fcd18        0x4 LONG 0x0 (((__CTOR_END__ - __CTOR_LIST__) / 0x4) - 0x2)
 *(.ctors)
                0x00000000000fcd1c        0x4 LONG 0x0
                0x00000000000fcd20                __CTOR_END__ = .
                0x00000000000fcd20                __DTOR_LIST__ = .
                0x00000000000fcd20        0x4 LONG 0x0 (((__DTOR_END__ - __DTOR_LIST__) / 0x4) - 0x2)
 *(.dtors)
                0x00000000000fcd24        0x4 LONG 0x0
                0x00000000000fcd28                __DTOR_END__ = .
 *(.rodata .rodata.*)
 .rodata.str1.1
                0x00000000000fcd28      0x13e /opt/toolchains/gen//m68k-elf/lib/libmd.a(sys.o)
 .rodata.str1.1
                0x00000000000fce66       0x21 /opt/toolchains/gen//m68k-elf/lib/libmd.a(vdp.o)
                                         0x4c (size before relaxing)
 *fill*         0x00000000000fce87        0x1 
 .rodata        0x00000000000fce88        0x4 /opt/toolchains/gen//m68k-elf/lib/libmd.a(vdp.o)
                0x00000000000fce88                PLAN_A
                0x00000000000fce8a                PLAN_B
 .rodata.str1.1
                0x0000000000000000        0x2 /opt/toolchains/gen//m68k-elf/lib/libmd.a(tools.o)
 .rodata        0x00000000000fce8c      0x104 /opt/toolchains/gen//m68k-elf/lib/libmd.a(vdp_pal.o)
                0x00000000000fce8c                palette_blue
                0x00000000000fceac                palette_green
                0x00000000000fcecc                palette_red
                0x00000000000fceec                palette_grey
                0x00000000000fcf0c                palette_black
                0x00000000000fcf10                palette_black_all
 .rodata        0x00000000000fcf90      0xe40 /opt/toolchains/gen//m68k-elf/lib/libmd.a(z80_vgm.o)
                0x00000000000fcf90                z80_vgm
 .rodata        0x00000000000fddd0      0x6f4 /opt/toolchains/gen//m68k-elf/lib/libmd.a(tab_cnv.o)
                0x00000000000fddd0                cnv_bcd_tab
                0x00000000000fde34                cnv_8to32_tab
                0x00000000000fe234                cnv_8to16_tab
                0x00000000000fe434                cnv_4to32_tab
                0x00000000000fe474                cnv_4to16_tab
                0x00000000000fe494                cnv_4to8_tab
                0x00000000000fe4a4                cnv_2to32_tab
                0x00000000000fe4b4                cnv_2to16_tab
                0x00000000000fe4bc                cnv_2to8_tab
                0x00000000000fe4c0                cnv_2to4_tab
 .rodata        0x00000000000fe4c4      0xcec /opt/toolchains/gen//m68k-elf/lib/libmd.a(libres.o)
                0x00000000000fee6a                logo_lib
                0x00000000000ff0d4                font_lib
                0x00000000000ff0fc                font_pal_lib
                0x00000000000ff104                stop_xgm
 .rodata        0x00000000000ff1b0     0x1000 /opt/toolchains/gen//m68k-elf/lib/libmd.a(tab_vol.o)
                0x00000000000ff1b0                tab_vol
 .rodata.str1.1
                0x00000000001001b0       0x29 /opt/toolchains/gen//m68k-elf/lib/libmd.a(string.o)
 *fill*         0x00000000001001d9        0x1 
 .rodata        0x00000000001001da       0x18 /opt/toolchains/gen//m68k-elf/lib/libmd.a(joy.o)
 .rodata        0x00000000001001f2     0x7036 res/resources.o
                0x000000000010721a                image
 *(.gcc_except_table .gcc_except_table.*)
                0x0000000000107228                . = ALIGN (0x4)
                0x0000000000107228                __INIT_SECTION__ = .
 *(.init)
                0x0000000000107228        0x2 SHORT 0x4e75
                0x000000000010722a                __FINI_SECTION__ = .
 *(.fini)
                0x000000000010722a        0x2 SHORT 0x4e75
                0x000000000010722c                _etext = .
 *(.lit)
                0x000000000010722c                _stext = SIZEOF (.text)

.data           0x0000000000ff0000        0x4 load address 0x000000000010722c
 *(.got.plt)
 *(.got)
 *(.shdata)
 *(.data .data.*)
 .data          0x0000000000ff0000        0x0 boot/sega.o
 .data          0x0000000000ff0000        0x0 /opt/toolchains/gen//m68k-elf/lib/libmd.a(sys.o)
 .data          0x0000000000ff0000        0x0 /opt/toolchains/gen//m68k-elf/lib/libmd.a(vdp.o)
 .data          0x0000000000ff0000        0x4 /opt/toolchains/gen//m68k-elf/lib/libmd.a(dma.o)
 .data          0x0000000000ff0004        0x0 /opt/toolchains/gen//m68k-elf/lib/libmd.a(tools.o)
 .data          0x0000000000ff0004        0x0 /opt/toolchains/gen//m68k-elf/lib/libmd.a(memory.o)
 .data          0x0000000000ff0004        0x0 /opt/toolchains/gen//m68k-elf/lib/libmd.a(timer.o)
 .data          0x0000000000ff0004        0x0 /opt/toolchains/gen//m68k-elf/lib/libmd.a(z80_ctrl.o)
 .data          0x0000000000ff0004        0x0 /opt/toolchains/gen//m68k-elf/lib/libmd.a(sound.o)
 .data          0x0000000000ff0004        0x0 /opt/toolchains/gen//m68k-elf/lib/libmd.a(ym2612.o)
 .data          0x0000000000ff0004        0x0 /opt/toolchains/gen//m68k-elf/lib/libmd.a(vdp_pal.o)
 .data          0x0000000000ff0004        0x0 /opt/toolchains/gen//m68k-elf/lib/libmd.a(psg.o)
 .data          0x0000000000ff0004        0x0 /opt/toolchains/gen//m68k-elf/lib/libmd.a(z80_vgm.o)
 .data          0x0000000000ff0004        0x0 /opt/toolchains/gen//m68k-elf/lib/libmd.a(vdp_tile.o)
 .data          0x0000000000ff0004        0x0 /opt/toolchains/gen//m68k-elf/lib/libmd.a(vdp_spr.o)
 .data          0x0000000000ff0004        0x0 /opt/toolchains/gen//m68k-elf/lib/libmd.a(tab_cnv.o)
 .data          0x0000000000ff0004        0x0 /opt/toolchains/gen//m68k-elf/lib/libmd.a(vdp_dma.o)
 .data          0x0000000000ff0004        0x0 /opt/toolchains/gen//m68k-elf/lib/libmd.a(bmp.o)
 .data          0x0000000000ff0004        0x0 /opt/toolchains/gen//m68k-elf/lib/libmd.a(tile_cache.o)
 .data          0x0000000000ff0004        0x0 /opt/toolchains/gen//m68k-elf/lib/libmd.a(vdp_bg.o)
 .data          0x0000000000ff0004        0x0 /opt/toolchains/gen//m68k-elf/lib/libmd.a(smp_null_pcm.o)
 .data          0x0000000000ff0004        0x0 /opt/toolchains/gen//m68k-elf/lib/libmd.a(vdp_tile_a.o)
 .data          0x0000000000ff0004        0x0 /opt/toolchains/gen//m68k-elf/lib/libmd.a(memory_a.o)
 .data          0x0000000000ff0004        0x0 /opt/toolchains/gen//m68k-elf/lib/libmd.a(vdp_pal_a.o)
 .data          0x0000000000ff0004        0x0 /opt/toolchains/gen//m68k-elf/lib/libmd.a(sys_a.o)
 .data          0x0000000000ff0004        0x0 /opt/toolchains/gen//m68k-elf/lib/libmd.a(kdebug.o)
 .data          0x0000000000ff0004        0x0 /opt/toolchains/gen//m68k-elf/lib/libmd.a(smp_null.o)
 .data          0x0000000000ff0004        0x0 /opt/toolchains/gen//m68k-elf/lib/libmd.a(bmp_a.o)
 .data          0x0000000000ff0004        0x0 /opt/toolchains/gen//m68k-elf/lib/libmd.a(tools_a.o)
 .data          0x0000000000ff0004        0x0 /opt/toolchains/gen//m68k-elf/lib/libmd.a(z80_drv1.o)
 .data          0x0000000000ff0004        0x0 /opt/toolchains/gen//m68k-elf/lib/libmd.a(z80_tfm.o)
 .data          0x0000000000ff0004        0x0 /opt/toolchains/gen//m68k-elf/lib/libmd.a(z80_drv2.o)
 .data          0x0000000000ff0004        0x0 /opt/toolchains/gen//m68k-elf/lib/libmd.a(z80_drv3.o)
 .data          0x0000000000ff0004        0x0 /opt/toolchains/gen//m68k-elf/lib/libmd.a(z80_xgm.o)
 .data          0x0000000000ff0004        0x0 /opt/toolchains/gen//m68k-elf/lib/libmd.a(z80_mvs.o)
 .data          0x0000000000ff0004        0x0 /opt/toolchains/gen//m68k-elf/lib/libmd.a(libres.o)
 .data          0x0000000000ff0004        0x0 /opt/toolchains/gen//m68k-elf/lib/libmd.a(tab_vol.o)
 .data          0x0000000000ff0004        0x0 /opt/toolchains/gen//m68k-elf/lib/libmd.a(maths.o)
 .data          0x0000000000ff0004        0x0 /opt/toolchains/gen//m68k-elf/lib/libmd.a(string.o)
 .data          0x0000000000ff0004        0x0 /opt/toolchains/gen//m68k-elf/lib/libmd.a(joy.o)
 .data          0x0000000000ff0004        0x0 /opt/toolchains/gen//m68k-elf/lib/libmd.a(types.o)
 .data          0x0000000000ff0004        0x0 /opt/toolchains/gen//m68k-elf/lib/gcc/m68k-elf/4.8.2/libgcc.a(_mulsi3.o)
 .data          0x0000000000ff0004        0x0 /opt/toolchains/gen//m68k-elf/lib/gcc/m68k-elf/4.8.2/libgcc.a(_udivsi3.o)
 .data          0x0000000000ff0004        0x0 /opt/toolchains/gen//m68k-elf/lib/gcc/m68k-elf/4.8.2/libgcc.a(_divsi3.o)
 .data          0x0000000000ff0004        0x0 /opt/toolchains/gen//m68k-elf/lib/gcc/m68k-elf/4.8.2/libgcc.a(_umodsi3.o)
 .data          0x0000000000ff0004        0x0 res/music.o
 .data          0x0000000000ff0004        0x0 res/resources.o
 .data          0x0000000000ff0004        0x0 helpers.o
 .data          0x0000000000ff0004        0x0 main.o
                0x0000000000ff0004                _edata = .
                0x0000000000000004                _sdata = SIZEOF (.data)

.bss            0x0000000000ff0004      0xa42 load address 0x0000000000107230
                0x0000000000ff0004                _start = .
 *(.shbss)
 *(.bss .bss.*)
 .bss           0x0000000000ff0004        0x0 boot/sega.o
 .bss           0x0000000000ff0004       0x14 /opt/toolchains/gen//m68k-elf/lib/libmd.a(sys.o)
 .bss           0x0000000000ff0018       0x13 /opt/toolchains/gen//m68k-elf/lib/libmd.a(vdp.o)
 *fill*         0x0000000000ff002b        0x1 
 .bss           0x0000000000ff002c        0xc /opt/toolchains/gen//m68k-elf/lib/libmd.a(dma.o)
 .bss           0x0000000000ff0038       0x10 /opt/toolchains/gen//m68k-elf/lib/libmd.a(tools.o)
 .bss           0x0000000000ff0048        0x8 /opt/toolchains/gen//m68k-elf/lib/libmd.a(memory.o)
 .bss           0x0000000000ff0050       0x40 /opt/toolchains/gen//m68k-elf/lib/libmd.a(timer.o)
 .bss           0x0000000000ff0090        0x0 /opt/toolchains/gen//m68k-elf/lib/libmd.a(z80_ctrl.o)
 .bss           0x0000000000ff0090       0x8c /opt/toolchains/gen//m68k-elf/lib/libmd.a(sound.o)
 .bss           0x0000000000ff011c        0x0 /opt/toolchains/gen//m68k-elf/lib/libmd.a(ym2612.o)
 .bss           0x0000000000ff011c      0x386 /opt/toolchains/gen//m68k-elf/lib/libmd.a(vdp_pal.o)
 *fill*         0x0000000000ff04a2        0x2 
 .bss           0x0000000000ff04a4        0x0 /opt/toolchains/gen//m68k-elf/lib/libmd.a(psg.o)
 .bss           0x0000000000ff04a4        0x0 /opt/toolchains/gen//m68k-elf/lib/libmd.a(z80_vgm.o)
 .bss           0x0000000000ff04a4        0x0 /opt/toolchains/gen//m68k-elf/lib/libmd.a(vdp_tile.o)
 .bss           0x0000000000ff04a4        0x0 /opt/toolchains/gen//m68k-elf/lib/libmd.a(vdp_spr.o)
 .bss           0x0000000000ff04a4        0x0 /opt/toolchains/gen//m68k-elf/lib/libmd.a(tab_cnv.o)
 .bss           0x0000000000ff04a4        0x0 /opt/toolchains/gen//m68k-elf/lib/libmd.a(vdp_dma.o)
 .bss           0x0000000000ff04a4       0x14 /opt/toolchains/gen//m68k-elf/lib/libmd.a(bmp.o)
 .bss           0x0000000000ff04b8        0x4 /opt/toolchains/gen//m68k-elf/lib/libmd.a(tile_cache.o)
 .bss           0x0000000000ff04bc        0x0 /opt/toolchains/gen//m68k-elf/lib/libmd.a(vdp_bg.o)
 .bss           0x0000000000ff04bc        0x0 /opt/toolchains/gen//m68k-elf/lib/libmd.a(smp_null_pcm.o)
 .bss           0x0000000000ff04bc        0x0 /opt/toolchains/gen//m68k-elf/lib/libmd.a(vdp_tile_a.o)
 .bss           0x0000000000ff04bc        0x0 /opt/toolchains/gen//m68k-elf/lib/libmd.a(memory_a.o)
 .bss           0x0000000000ff04bc        0x0 /opt/toolchains/gen//m68k-elf/lib/libmd.a(vdp_pal_a.o)
 .bss           0x0000000000ff04bc        0x0 /opt/toolchains/gen//m68k-elf/lib/libmd.a(sys_a.o)
 .bss           0x0000000000ff04bc        0x0 /opt/toolchains/gen//m68k-elf/lib/libmd.a(kdebug.o)
 .bss           0x0000000000ff04bc        0x0 /opt/toolchains/gen//m68k-elf/lib/libmd.a(smp_null.o)
 .bss           0x0000000000ff04bc        0x0 /opt/toolchains/gen//m68k-elf/lib/libmd.a(bmp_a.o)
 .bss           0x0000000000ff04bc        0x0 /opt/toolchains/gen//m68k-elf/lib/libmd.a(tools_a.o)
 .bss           0x0000000000ff04bc        0x0 /opt/toolchains/gen//m68k-elf/lib/libmd.a(z80_drv1.o)
 .bss           0x0000000000ff04bc        0x0 /opt/toolchains/gen//m68k-elf/lib/libmd.a(z80_tfm.o)
 .bss           0x0000000000ff04bc        0x0 /opt/toolchains/gen//m68k-elf/lib/libmd.a(z80_drv2.o)
 .bss           0x0000000000ff04bc        0x0 /opt/toolchains/gen//m68k-elf/lib/libmd.a(z80_drv3.o)
 .bss           0x0000000000ff04bc        0x0 /opt/toolchains/gen//m68k-elf/lib/libmd.a(z80_xgm.o)
 .bss           0x0000000000ff04bc        0x0 /opt/toolchains/gen//m68k-elf/lib/libmd.a(z80_mvs.o)
 .bss           0x0000000000ff04bc        0x0 /opt/toolchains/gen//m68k-elf/lib/libmd.a(libres.o)
 .bss           0x0000000000ff04bc        0x0 /opt/toolchains/gen//m68k-elf/lib/libmd.a(tab_vol.o)
 .bss           0x0000000000ff04bc        0x0 /opt/toolchains/gen//m68k-elf/lib/libmd.a(maths.o)
 .bss           0x0000000000ff04bc        0x0 /opt/toolchains/gen//m68k-elf/lib/libmd.a(string.o)
 .bss           0x0000000000ff04bc       0x46 /opt/toolchains/gen//m68k-elf/lib/libmd.a(joy.o)
 *fill*         0x0000000000ff0502        0x2 
 .bss           0x0000000000ff0504        0x0 /opt/toolchains/gen//m68k-elf/lib/libmd.a(types.o)
 .bss           0x0000000000ff0504        0x0 /opt/toolchains/gen//m68k-elf/lib/gcc/m68k-elf/4.8.2/libgcc.a(_mulsi3.o)
 .bss           0x0000000000ff0504        0x0 /opt/toolchains/gen//m68k-elf/lib/gcc/m68k-elf/4.8.2/libgcc.a(_udivsi3.o)
 .bss           0x0000000000ff0504        0x0 /opt/toolchains/gen//m68k-elf/lib/gcc/m68k-elf/4.8.2/libgcc.a(_divsi3.o)
 .bss           0x0000000000ff0504        0x0 /opt/toolchains/gen//m68k-elf/lib/gcc/m68k-elf/4.8.2/libgcc.a(_umodsi3.o)
 .bss           0x0000000000ff0504        0x0 res/music.o
 .bss           0x0000000000ff0504        0x0 res/resources.o
 .bss           0x0000000000ff0504        0x0 helpers.o
 .bss           0x0000000000ff0504        0x0 main.o
 *(COMMON)
 COMMON         0x0000000000ff0504       0x94 /opt/toolchains/gen//m68k-elf/lib/libmd.a(sys.o)
                0x0000000000ff0504                illegalInstCB
                0x0000000000ff0508                errorExceptionCB
                0x0000000000ff050c                trapvInstCB
                0x0000000000ff0510                chkInstCB
                0x0000000000ff0514                registerState
                0x0000000000ff0554                srState
                0x0000000000ff0556                line1x1xCB
                0x0000000000ff055a                ext2State
                0x0000000000ff055c                traceCB
                0x0000000000ff0560                intTrace
                0x0000000000ff0562                zeroDivideCB
                0x0000000000ff0566                internalExtIntCB
                0x0000000000ff056a                internalVIntCB
                0x0000000000ff056e                intCB
                0x0000000000ff0572                addressErrorCB
                0x0000000000ff0576                VIntProcess
                0x0000000000ff057a                ExtIntProcess
                0x0000000000ff057e                HIntProcess
                0x0000000000ff0582                privilegeViolationCB
                0x0000000000ff0586                pcState
                0x0000000000ff058a                ext1State
                0x0000000000ff058c                busErrorCB
                0x0000000000ff0590                internalHIntCB
                0x0000000000ff0594                addrState
 COMMON         0x0000000000ff0598        0xe /opt/toolchains/gen//m68k-elf/lib/libmd.a(vdp.o)
                0x0000000000ff0598                slist_adr
                0x0000000000ff059a                hscrl_adr
                0x0000000000ff059c                screenHeight
                0x0000000000ff059e                screenWidth
                0x0000000000ff05a0                aplan_adr
                0x0000000000ff05a2                bplan_adr
                0x0000000000ff05a4                window_adr
 COMMON         0x0000000000ff05a6      0x200 /opt/toolchains/gen//m68k-elf/lib/libmd.a(dma.o)
                0x0000000000ff05a6                dmaQueues
 COMMON         0x0000000000ff07a6        0x4 /opt/toolchains/gen//m68k-elf/lib/libmd.a(timer.o)
                0x0000000000ff07a6                vtimer
 COMMON         0x0000000000ff07aa        0x4 /opt/toolchains/gen//m68k-elf/lib/libmd.a(z80_ctrl.o)
                0x0000000000ff07aa                driverFlags
                0x0000000000ff07ac                currentDriver
 COMMON         0x0000000000ff07ae      0x282 /opt/toolchains/gen//m68k-elf/lib/libmd.a(vdp_spr.o)
                0x0000000000ff07ae                spriteNum
                0x0000000000ff07b0                vdpSpriteCache
 COMMON         0x0000000000ff0a30        0x8 /opt/toolchains/gen//m68k-elf/lib/libmd.a(bmp.o)
                0x0000000000ff0a30                bmp_buffer_write
                0x0000000000ff0a34                bmp_buffer_read
 COMMON         0x0000000000ff0a38        0x4 /opt/toolchains/gen//m68k-elf/lib/libmd.a(tile_cache.o)
                0x0000000000ff0a38                uploads
 COMMON         0x0000000000ff0a3c        0x8 /opt/toolchains/gen//m68k-elf/lib/libmd.a(vdp_bg.o)
                0x0000000000ff0a3c                text_basetile
                0x0000000000ff0a3e                curTileInd
                0x0000000000ff0a40                text_plan
 COMMON         0x0000000000ff0a44        0x2 /opt/toolchains/gen//m68k-elf/lib/libmd.a(maths.o)
                0x0000000000ff0a44                randbase
                0x0000000000ff0a46                _bend = .

.stab
 *(.stab)

.stabstr
 *(.stabstr)

.eh_frame
 *(.eh_frame)
LOAD boot/sega.o
LOAD /opt/toolchains/gen//m68k-elf/lib/libmd.a
LOAD /opt/toolchains/gen//m68k-elf/lib/gcc/m68k-elf/4.8.2/libgcc.a
LOAD res/music.o
LOAD res/resources.o
LOAD helpers.o
LOAD main.o
LOAD /opt/toolchains/gen//m68k-elf/lib/libmd.a
LOAD /opt/toolchains/gen//m68k-elf/m68k-elf/lib/libnosys.a
OUTPUT(out.elf elf32-m68k)

.comment        0x0000000000000000       0x11
 .comment       0x0000000000000000       0x11 /opt/toolchains/gen//m68k-elf/lib/libmd.a(sys.o)
                                         0x12 (size before relaxing)
 .comment       0x0000000000000000       0x12 /opt/toolchains/gen//m68k-elf/lib/libmd.a(vdp.o)
 .comment       0x0000000000000000       0x12 /opt/toolchains/gen//m68k-elf/lib/libmd.a(dma.o)
 .comment       0x0000000000000000       0x12 /opt/toolchains/gen//m68k-elf/lib/libmd.a(tools.o)
 .comment       0x0000000000000000       0x12 /opt/toolchains/gen//m68k-elf/lib/libmd.a(memory.o)
 .comment       0x0000000000000000       0x12 /opt/toolchains/gen//m68k-elf/lib/libmd.a(timer.o)
 .comment       0x0000000000000000       0x12 /opt/toolchains/gen//m68k-elf/lib/libmd.a(z80_ctrl.o)
 .comment       0x0000000000000000       0x12 /opt/toolchains/gen//m68k-elf/lib/libmd.a(sound.o)
 .comment       0x0000000000000000       0x12 /opt/toolchains/gen//m68k-elf/lib/libmd.a(ym2612.o)
 .comment       0x0000000000000000       0x12 /opt/toolchains/gen//m68k-elf/lib/libmd.a(vdp_pal.o)
 .comment       0x0000000000000000       0x12 /opt/toolchains/gen//m68k-elf/lib/libmd.a(psg.o)
 .comment       0x0000000000000000       0x12 /opt/toolchains/gen//m68k-elf/lib/libmd.a(z80_vgm.o)
 .comment       0x0000000000000000       0x12 /opt/toolchains/gen//m68k-elf/lib/libmd.a(vdp_tile.o)
 .comment       0x0000000000000000       0x12 /opt/toolchains/gen//m68k-elf/lib/libmd.a(vdp_spr.o)
 .comment       0x0000000000000000       0x12 /opt/toolchains/gen//m68k-elf/lib/libmd.a(tab_cnv.o)
 .comment       0x0000000000000000       0x12 /opt/toolchains/gen//m68k-elf/lib/libmd.a(vdp_dma.o)
 .comment       0x0000000000000000       0x12 /opt/toolchains/gen//m68k-elf/lib/libmd.a(bmp.o)
 .comment       0x0000000000000000       0x12 /opt/toolchains/gen//m68k-elf/lib/libmd.a(tile_cache.o)
 .comment       0x0000000000000000       0x12 /opt/toolchains/gen//m68k-elf/lib/libmd.a(vdp_bg.o)
 .comment       0x0000000000000000       0x12 /opt/toolchains/gen//m68k-elf/lib/libmd.a(tab_vol.o)
 .comment       0x0000000000000000       0x12 /opt/toolchains/gen//m68k-elf/lib/libmd.a(maths.o)
 .comment       0x0000000000000000       0x12 /opt/toolchains/gen//m68k-elf/lib/libmd.a(string.o)
 .comment       0x0000000000000000       0x12 /opt/toolchains/gen//m68k-elf/lib/libmd.a(joy.o)
 .comment       0x0000000000000000       0x12 /opt/toolchains/gen//m68k-elf/lib/libmd.a(types.o)
 .comment       0x0000000000000000       0x12 helpers.o
 .comment       0x0000000000000000       0x12 main.o

.debug_line     0x0000000000000000      0x1cd
 .debug_line    0x0000000000000000       0x6a /opt/toolchains/gen//m68k-elf/lib/gcc/m68k-elf/4.8.2/libgcc.a(_mulsi3.o)
 .debug_line    0x000000000000006a       0x83 /opt/toolchains/gen//m68k-elf/lib/gcc/m68k-elf/4.8.2/libgcc.a(_udivsi3.o)
 .debug_line    0x00000000000000ed       0x72 /opt/toolchains/gen//m68k-elf/lib/gcc/m68k-elf/4.8.2/libgcc.a(_divsi3.o)
 .debug_line    0x000000000000015f       0x6e /opt/toolchains/gen//m68k-elf/lib/gcc/m68k-elf/4.8.2/libgcc.a(_umodsi3.o)

.debug_info     0x0000000000000000      0x288
 .debug_info    0x0000000000000000       0xa2 /opt/toolchains/gen//m68k-elf/lib/gcc/m68k-elf/4.8.2/libgcc.a(_mulsi3.o)
 .debug_info    0x00000000000000a2       0xa2 /opt/toolchains/gen//m68k-elf/lib/gcc/m68k-elf/4.8.2/libgcc.a(_udivsi3.o)
 .debug_info    0x0000000000000144       0xa2 /opt/toolchains/gen//m68k-elf/lib/gcc/m68k-elf/4.8.2/libgcc.a(_divsi3.o)
 .debug_info    0x00000000000001e6       0xa2 /opt/toolchains/gen//m68k-elf/lib/gcc/m68k-elf/4.8.2/libgcc.a(_umodsi3.o)

.debug_abbrev   0x0000000000000000       0x50
 .debug_abbrev  0x0000000000000000       0x14 /opt/toolchains/gen//m68k-elf/lib/gcc/m68k-elf/4.8.2/libgcc.a(_mulsi3.o)
 .debug_abbrev  0x0000000000000014       0x14 /opt/toolchains/gen//m68k-elf/lib/gcc/m68k-elf/4.8.2/libgcc.a(_udivsi3.o)
 .debug_abbrev  0x0000000000000028       0x14 /opt/toolchains/gen//m68k-elf/lib/gcc/m68k-elf/4.8.2/libgcc.a(_divsi3.o)
 .debug_abbrev  0x000000000000003c       0x14 /opt/toolchains/gen//m68k-elf/lib/gcc/m68k-elf/4.8.2/libgcc.a(_umodsi3.o)

.debug_aranges  0x0000000000000000       0x80
 .debug_aranges
                0x0000000000000000       0x20 /opt/toolchains/gen//m68k-elf/lib/gcc/m68k-elf/4.8.2/libgcc.a(_mulsi3.o)
 .debug_aranges
                0x0000000000000020       0x20 /opt/toolchains/gen//m68k-elf/lib/gcc/m68k-elf/4.8.2/libgcc.a(_udivsi3.o)
 .debug_aranges
                0x0000000000000040       0x20 /opt/toolchains/gen//m68k-elf/lib/gcc/m68k-elf/4.8.2/libgcc.a(_divsi3.o)
 .debug_aranges
                0x0000000000000060       0x20 /opt/toolchains/gen//m68k-elf/lib/gcc/m68k-elf/4.8.2/libgcc.a(_umodsi3.o)
